Archive member included to satisfy reference by file (symbol)

e:/apps/atmel/studio/7.0/toolchain/arm/arm-gnu-toolchain/bin/../lib/gcc/arm-none-eabi/6.3.1/../../../../arm-none-eabi/lib/thumb/v7e-m\libc.a(lib_a-exit.o)
                              e:/apps/atmel/studio/7.0/toolchain/arm/arm-gnu-toolchain/bin/../lib/gcc/arm-none-eabi/6.3.1/../../../../arm-none-eabi/lib/thumb/v7e-m/crt0.o (exit)
e:/apps/atmel/studio/7.0/toolchain/arm/arm-gnu-toolchain/bin/../lib/gcc/arm-none-eabi/6.3.1/../../../../arm-none-eabi/lib/thumb/v7e-m\libc.a(lib_a-impure.o)
                              e:/apps/atmel/studio/7.0/toolchain/arm/arm-gnu-toolchain/bin/../lib/gcc/arm-none-eabi/6.3.1/../../../../arm-none-eabi/lib/thumb/v7e-m\libc.a(lib_a-exit.o) (_global_impure_ptr)
e:/apps/atmel/studio/7.0/toolchain/arm/arm-gnu-toolchain/bin/../lib/gcc/arm-none-eabi/6.3.1/../../../../arm-none-eabi/lib/thumb/v7e-m\libc.a(lib_a-init.o)
                              e:/apps/atmel/studio/7.0/toolchain/arm/arm-gnu-toolchain/bin/../lib/gcc/arm-none-eabi/6.3.1/../../../../arm-none-eabi/lib/thumb/v7e-m/crt0.o (__libc_init_array)
e:/apps/atmel/studio/7.0/toolchain/arm/arm-gnu-toolchain/bin/../lib/gcc/arm-none-eabi/6.3.1/../../../../arm-none-eabi/lib/thumb/v7e-m\libc.a(lib_a-iprintf.o)
                              src/main.o (iprintf)
e:/apps/atmel/studio/7.0/toolchain/arm/arm-gnu-toolchain/bin/../lib/gcc/arm-none-eabi/6.3.1/../../../../arm-none-eabi/lib/thumb/v7e-m\libc.a(lib_a-memset.o)
                              e:/apps/atmel/studio/7.0/toolchain/arm/arm-gnu-toolchain/bin/../lib/gcc/arm-none-eabi/6.3.1/../../../../arm-none-eabi/lib/thumb/v7e-m/crt0.o (memset)
e:/apps/atmel/studio/7.0/toolchain/arm/arm-gnu-toolchain/bin/../lib/gcc/arm-none-eabi/6.3.1/../../../../arm-none-eabi/lib/thumb/v7e-m\libc.a(lib_a-puts.o)
                              src/main.o (puts)
e:/apps/atmel/studio/7.0/toolchain/arm/arm-gnu-toolchain/bin/../lib/gcc/arm-none-eabi/6.3.1/../../../../arm-none-eabi/lib/thumb/v7e-m\libc.a(lib_a-setbuf.o)
                              src/main.o (setbuf)
e:/apps/atmel/studio/7.0/toolchain/arm/arm-gnu-toolchain/bin/../lib/gcc/arm-none-eabi/6.3.1/../../../../arm-none-eabi/lib/thumb/v7e-m\libc.a(lib_a-setvbuf.o)
                              e:/apps/atmel/studio/7.0/toolchain/arm/arm-gnu-toolchain/bin/../lib/gcc/arm-none-eabi/6.3.1/../../../../arm-none-eabi/lib/thumb/v7e-m\libc.a(lib_a-setbuf.o) (setvbuf)
e:/apps/atmel/studio/7.0/toolchain/arm/arm-gnu-toolchain/bin/../lib/gcc/arm-none-eabi/6.3.1/../../../../arm-none-eabi/lib/thumb/v7e-m\libc.a(lib_a-sprintf.o)
                              src/main.o (sprintf)
e:/apps/atmel/studio/7.0/toolchain/arm/arm-gnu-toolchain/bin/../lib/gcc/arm-none-eabi/6.3.1/../../../../arm-none-eabi/lib/thumb/v7e-m\libc.a(lib_a-strlen.o)
                              e:/apps/atmel/studio/7.0/toolchain/arm/arm-gnu-toolchain/bin/../lib/gcc/arm-none-eabi/6.3.1/../../../../arm-none-eabi/lib/thumb/v7e-m\libc.a(lib_a-puts.o) (strlen)
e:/apps/atmel/studio/7.0/toolchain/arm/arm-gnu-toolchain/bin/../lib/gcc/arm-none-eabi/6.3.1/../../../../arm-none-eabi/lib/thumb/v7e-m\libc.a(lib_a-svfprintf.o)
                              e:/apps/atmel/studio/7.0/toolchain/arm/arm-gnu-toolchain/bin/../lib/gcc/arm-none-eabi/6.3.1/../../../../arm-none-eabi/lib/thumb/v7e-m\libc.a(lib_a-sprintf.o) (_svfprintf_r)
e:/apps/atmel/studio/7.0/toolchain/arm/arm-gnu-toolchain/bin/../lib/gcc/arm-none-eabi/6.3.1/../../../../arm-none-eabi/lib/thumb/v7e-m\libc.a(lib_a-vfiprintf.o)
                              e:/apps/atmel/studio/7.0/toolchain/arm/arm-gnu-toolchain/bin/../lib/gcc/arm-none-eabi/6.3.1/../../../../arm-none-eabi/lib/thumb/v7e-m\libc.a(lib_a-iprintf.o) (_vfiprintf_r)
e:/apps/atmel/studio/7.0/toolchain/arm/arm-gnu-toolchain/bin/../lib/gcc/arm-none-eabi/6.3.1/../../../../arm-none-eabi/lib/thumb/v7e-m\libc.a(lib_a-wsetup.o)
                              e:/apps/atmel/studio/7.0/toolchain/arm/arm-gnu-toolchain/bin/../lib/gcc/arm-none-eabi/6.3.1/../../../../arm-none-eabi/lib/thumb/v7e-m\libc.a(lib_a-vfiprintf.o) (__swsetup_r)
e:/apps/atmel/studio/7.0/toolchain/arm/arm-gnu-toolchain/bin/../lib/gcc/arm-none-eabi/6.3.1/../../../../arm-none-eabi/lib/thumb/v7e-m\libc.a(lib_a-__call_atexit.o)
                              e:/apps/atmel/studio/7.0/toolchain/arm/arm-gnu-toolchain/bin/../lib/gcc/arm-none-eabi/6.3.1/../../../../arm-none-eabi/lib/thumb/v7e-m\libc.a(lib_a-exit.o) (__call_exitprocs)
e:/apps/atmel/studio/7.0/toolchain/arm/arm-gnu-toolchain/bin/../lib/gcc/arm-none-eabi/6.3.1/../../../../arm-none-eabi/lib/thumb/v7e-m\libc.a(lib_a-atexit.o)
                              e:/apps/atmel/studio/7.0/toolchain/arm/arm-gnu-toolchain/bin/../lib/gcc/arm-none-eabi/6.3.1/../../../../arm-none-eabi/lib/thumb/v7e-m\libc.a(lib_a-__call_atexit.o) (atexit)
e:/apps/atmel/studio/7.0/toolchain/arm/arm-gnu-toolchain/bin/../lib/gcc/arm-none-eabi/6.3.1/../../../../arm-none-eabi/lib/thumb/v7e-m\libc.a(lib_a-dtoa.o)
[...]
Memory Configuration

Name             Origin             Length             Attributes
rom              0x00400000         0x00200000         xr
ram              0x20400000         0x00060000         xrw
*default*        0x00000000         0xffffffff

Linker script and memory map

LOAD e:/apps/atmel/studio/7.0/toolchain/arm/arm-gnu-toolchain/bin/../lib/gcc/arm-none-eabi/6.3.1/thumb/v7e-m/crti.o
LOAD e:/apps/atmel/studio/7.0/toolchain/arm/arm-gnu-toolchain/bin/../lib/gcc/arm-none-eabi/6.3.1/thumb/v7e-m/crtbegin.o
LOAD e:/apps/atmel/studio/7.0/toolchain/arm/arm-gnu-toolchain/bin/../lib/gcc/arm-none-eabi/6.3.1/../../../../arm-none-eabi/lib/thumb/v7e-m/crt0.o
LOAD src/main.o
LOAD src/ASF/common/services/delay/sam/cycle_counter.o
LOAD src/ASF/sam/drivers/rtc/rtc.o
LOAD src/ASF/sam/drivers/tc/tc.o
LOAD src/ASF/common/services/clock/same70/sysclk.o
LOAD src/ASF/common/services/serial/usart_serial.o
LOAD src/ASF/common/services/sleepmgr/sam/sleepmgr.o
LOAD src/ASF/common/utils/interrupt/interrupt_sam_nvic.o
LOAD src/ASF/common/utils/stdio/read.o
LOAD src/ASF/common/utils/stdio/write.o
LOAD src/ASF/sam/boards/same70_xplained/init.o
LOAD src/ASF/sam/drivers/afec/afec.o
LOAD src/ASF/sam/drivers/mpu/mpu.o
LOAD src/ASF/sam/drivers/pio/pio.o
LOAD src/ASF/sam/drivers/pio/pio_handler.o
LOAD src/ASF/sam/drivers/pmc/pmc.o
LOAD src/ASF/sam/drivers/pmc/sleep.o
LOAD src/ASF/sam/drivers/uart/uart.o
LOAD src/ASF/sam/drivers/usart/usart.o
LOAD src/ASF/sam/utils/cmsis/same70/source/templates/gcc/startup_same70.o
LOAD src/ASF/sam/utils/cmsis/same70/source/templates/system_same70.o
LOAD src/ASF/sam/utils/syscalls/gcc/syscalls.o
START GROUP
LOAD ../src/ASF/thirdparty/CMSIS/Lib/GCC\libarm_cortexM7lfsp_math_softfp.a
LOAD e:/apps/atmel/studio/7.0/toolchain/arm/arm-gnu-toolchain/bin/../lib/gcc/arm-none-eabi/6.3.1/../../../../arm-none-eabi/lib/thumb/v7e-m\libm.a
END GROUP
START GROUP
LOAD e:/apps/atmel/studio/7.0/toolchain/arm/arm-gnu-toolchain/bin/../lib/gcc/arm-none-eabi/6.3.1/thumb/v7e-m\libgcc.a
LOAD e:/apps/atmel/studio/7.0/toolchain/arm/arm-gnu-toolchain/bin/../lib/gcc/arm-none-eabi/6.3.1/../../../../arm-none-eabi/lib/thumb/v7e-m\libc.a
END GROUP
LOAD e:/apps/atmel/studio/7.0/toolchain/arm/arm-gnu-toolchain/bin/../lib/gcc/arm-none-eabi/6.3.1/thumb/v7e-m/crtend.o
LOAD e:/apps/atmel/studio/7.0/toolchain/arm/arm-gnu-toolchain/bin/../lib/gcc/arm-none-eabi/6.3.1/thumb/v7e-m/crtn.o
                0x00002000                STACK_SIZE = DEFINED (STACK_SIZE)?STACK_SIZE:0x2000
                0x2045fffc                __ram_end__ = ((ORIGIN (ram) + LENGTH (ram)) - 0x4)
                0x00000200                HEAP_SIZE = DEFINED (HEAP_SIZE)?HEAP_SIZE:0x200

.text           0x00400000     0x7acc
                0x00400000                . = ALIGN (0x4)
                0x00400000                _sfixed = .
 *(.vectors .vectors.*)
 .vectors       0x00400000      0x140 src/ASF/sam/utils/cmsis/same70/source/templates/gcc/startup_same70.o
                0x00400000                exception_table
 *(.text .text.* .gnu.linkonce.t.*)
 .text          0x00400140       0x6c e:/apps/atmel/studio/7.0/toolchain/arm/arm-gnu-toolchain/bin/../lib/gcc/arm-none-eabi/6.3.1/thumb/v7e-m/crtbegin.o
 .text.AFEC_Pot_callback
                0x004001ac       0x20 src/main.o
 .text.usart_serial_getchar
                0x004001cc       0xdc src/main.o
 .text.usart_serial_putchar
                0x004002a8       0xd4 src/main.o
 .text.TC1_Handler
                0x0040037c       0x2c src/main.o
                0x0040037c                TC1_Handler
 .text.TC_init  0x004003a8       0x94 src/main.o
                0x004003a8                TC_init
 .text.main     0x0040043c      0x210 src/main.o
                0x0040043c                main
 .text.tc_init  0x0040064c       0x1a src/ASF/sam/drivers/tc/tc.o
                0x0040064c                tc_init
 .text.tc_start
                0x00400666        0x8 src/ASF/sam/drivers/tc/tc.o
                0x00400666                tc_start
 .text.tc_write_rc
                0x0040066e        0x8 src/ASF/sam/drivers/tc/tc.o
                0x0040066e                tc_write_rc
 .text.tc_enable_interrupt
                0x00400676        0x8 src/ASF/sam/drivers/tc/tc.o
                0x00400676                tc_enable_interrupt
 .text.tc_get_status
                0x0040067e        0x8 src/ASF/sam/drivers/tc/tc.o
                0x0040067e                tc_get_status
 .text.tc_find_mck_divisor
                0x00400686       0x70 src/ASF/sam/drivers/tc/tc.o
                0x00400686                tc_find_mck_divisor
 *fill*         0x004006f6        0x2 
 .text.sysclk_init
                0x004006f8       0x70 src/ASF/common/services/clock/same70/sysclk.o
                0x004006f8                sysclk_init
 .text._read    0x00400768       0x3c src/ASF/common/utils/stdio/read.o
                0x00400768                _read
 .text._write   0x004007a4       0x50 src/ASF/common/utils/stdio/write.o
                0x004007a4                _write
 .text.board_init
                0x004007f4      0x198 src/ASF/sam/boards/same70_xplained/init.o
                0x004007f4                board_init
 .text.afec_process_callback
                0x0040098c       0x88 src/ASF/sam/drivers/afec/afec.o
 .text.afec_ch_set_config
                0x00400a14       0x30 src/ASF/sam/drivers/afec/afec.o
                0x00400a14                afec_ch_set_config
 .text.afec_get_config_defaults
                0x00400a44       0x30 src/ASF/sam/drivers/afec/afec.o
                0x00400a44                afec_get_config_defaults
 .text.afec_ch_get_config_defaults
                0x00400a74        0xa src/ASF/sam/drivers/afec/afec.o
                0x00400a74                afec_ch_get_config_defaults
 *fill*         0x00400a7e        0x2 
 .text.afec_init
                0x00400a80       0xc8 src/ASF/sam/drivers/afec/afec.o
                0x00400a80                afec_init
 .text.afec_enable_interrupt
                0x00400b48       0x38 src/ASF/sam/drivers/afec/afec.o
                0x00400b48                afec_enable_interrupt
 .text.afec_set_callback
                0x00400b80       0x58 src/ASF/sam/drivers/afec/afec.o
                0x00400b80                afec_set_callback
 .text.AFEC0_Handler
                0x00400bd8       0x14 src/ASF/sam/drivers/afec/afec.o
                0x00400bd8                AFEC0_Handler
 .text.AFEC1_Handler
                0x00400bec       0x14 src/ASF/sam/drivers/afec/afec.o
                0x00400bec                AFEC1_Handler
 .text.afec_enable
                0x00400c00       0x64 src/ASF/sam/drivers/afec/afec.o
                0x00400c00                afec_enable
 .text.pio_get_interrupt_status
                0x00400c64        0x4 src/ASF/sam/drivers/pio/pio.o
                0x00400c64                pio_get_interrupt_status
 .text.pio_get_interrupt_mask
                0x00400c68        0x4 src/ASF/sam/drivers/pio/pio.o
                0x00400c68                pio_get_interrupt_mask
 .text.pio_handler_process
                0x00400c6c       0x50 src/ASF/sam/drivers/pio/pio_handler.o
                0x00400c6c                pio_handler_process
 .text.PIOA_Handler
                0x00400cbc       0x14 src/ASF/sam/drivers/pio/pio_handler.o
                0x00400cbc                PIOA_Handler
 .text.PIOB_Handler
                0x00400cd0       0x14 src/ASF/sam/drivers/pio/pio_handler.o
                0x00400cd0                PIOB_Handler
 .text.PIOC_Handler
                0x00400ce4       0x14 src/ASF/sam/drivers/pio/pio_handler.o
                0x00400ce4                PIOC_Handler
 .text.PIOD_Handler
                0x00400cf8       0x14 src/ASF/sam/drivers/pio/pio_handler.o
                0x00400cf8                PIOD_Handler
 .text.PIOE_Handler
                0x00400d0c       0x14 src/ASF/sam/drivers/pio/pio_handler.o
                0x00400d0c                PIOE_Handler
 .text.pmc_mck_set_division
                0x00400d20       0x38 src/ASF/sam/drivers/pmc/pmc.o
                0x00400d20                pmc_mck_set_division
 .text.pmc_switch_mck_to_pllack
                0x00400d58       0x64 src/ASF/sam/drivers/pmc/pmc.o
                0x00400d58                pmc_switch_mck_to_pllack
 .text.pmc_switch_mainck_to_xtal
                0x00400dbc       0x54 src/ASF/sam/drivers/pmc/pmc.o
                0x00400dbc                pmc_switch_mainck_to_xtal
 .text.pmc_osc_is_ready_mainck
                0x00400e10       0x10 src/ASF/sam/drivers/pmc/pmc.o
                0x00400e10                pmc_osc_is_ready_mainck
 .text.pmc_disable_pllack
                0x00400e20       0x10 src/ASF/sam/drivers/pmc/pmc.o
                0x00400e20                pmc_disable_pllack
 .text.pmc_is_locked_pllack
                0x00400e30       0x10 src/ASF/sam/drivers/pmc/pmc.o
                0x00400e30                pmc_is_locked_pllack
 .text.pmc_enable_periph_clk
                0x00400e40       0x54 src/ASF/sam/drivers/pmc/pmc.o
                0x00400e40                pmc_enable_periph_clk
 .text.uart_write
                0x00400e94       0x12 src/ASF/sam/drivers/uart/uart.o
                0x00400e94                uart_write
 .text.uart_read
                0x00400ea6       0x14 src/ASF/sam/drivers/uart/uart.o
                0x00400ea6                uart_read
 .text.usart_set_async_baudrate
                0x00400eba       0x5a src/ASF/sam/drivers/usart/usart.o
                0x00400eba                usart_set_async_baudrate
 .text.usart_reset
                0x00400f14       0x28 src/ASF/sam/drivers/usart/usart.o
                0x00400f14                usart_reset
 .text.usart_init_rs232
                0x00400f3c       0x54 src/ASF/sam/drivers/usart/usart.o
                0x00400f3c                usart_init_rs232
 .text.usart_enable_tx
                0x00400f90        0x6 src/ASF/sam/drivers/usart/usart.o
                0x00400f90                usart_enable_tx
 .text.usart_enable_rx
                0x00400f96        0x6 src/ASF/sam/drivers/usart/usart.o
                0x00400f96                usart_enable_rx
 .text.usart_write
                0x00400f9c       0x16 src/ASF/sam/drivers/usart/usart.o
                0x00400f9c                usart_write
 .text.usart_read
                0x00400fb2       0x18 src/ASF/sam/drivers/usart/usart.o
                0x00400fb2                usart_read
 .text.Dummy_Handler
                0x00400fca        0x2 src/ASF/sam/utils/cmsis/same70/source/templates/gcc/startup_same70.o
                0x00400fca                DACC_Handler
                0x00400fca                DebugMon_Handler
                0x00400fca                UART3_Handler
                0x00400fca                UART2_Handler
                0x00400fca                TRNG_Handler
                0x00400fca                HardFault_Handler
                0x00400fca                TC2_Handler
                0x00400fca                SysTick_Handler
                0x00400fca                PendSV_Handler
                0x00400fca                NMI_Handler
                0x00400fca                TC7_Handler
                0x00400fca                QSPI_Handler
                0x00400fca                ISI_Handler
                0x00400fca                TC9_Handler
                0x00400fca                RSWDT_Handler
                0x00400fca                MCAN1_Handler
                0x00400fca                USART0_Handler
                0x00400fca                RTT_Handler
                0x00400fca                USBHS_Handler
                0x00400fca                RTC_Handler
                0x00400fca                UsageFault_Handler
                0x00400fca                TC6_Handler
                0x00400fca                WDT_Handler
                0x00400fca                TC4_Handler
                0x00400fca                HSMCI_Handler
                0x00400fca                UART1_Handler
                0x00400fca                TC3_Handler
                0x00400fca                Dummy_Handler
                0x00400fca                TWIHS1_Handler
                0x00400fca                XDMAC_Handler
                0x00400fca                UART4_Handler
                0x00400fca                PWM1_Handler
                0x00400fca                USART1_Handler
                0x00400fca                PWM0_Handler
                0x00400fca                SSC_Handler
                0x00400fca                TC11_Handler
                0x00400fca                ACC_Handler
                0x00400fca                PMC_Handler
                0x00400fca                GMAC_Handler
                0x00400fca                MemManage_Handler
                0x00400fca                SUPC_Handler
                0x00400fca                SVC_Handler
                0x00400fca                TC8_Handler
                0x00400fca                EFC_Handler
                0x00400fca                USART2_Handler
                0x00400fca                SDRAMC_Handler
                0x00400fca                SPI1_Handler
                0x00400fca                MCAN0_Handler
                0x00400fca                TC10_Handler
                0x00400fca                TWIHS2_Handler
                0x00400fca                UART0_Handler
                0x00400fca                BusFault_Handler
                0x00400fca                RSTC_Handler
                0x00400fca                TC0_Handler
                0x00400fca                TC5_Handler
                0x00400fca                ICM_Handler
                0x00400fca                AES_Handler
                0x00400fca                TWIHS0_Handler
                0x00400fca                SPI0_Handler
 .text.Reset_Handler
                0x00400fcc       0xc8 src/ASF/sam/utils/cmsis/same70/source/templates/gcc/startup_same70.o
                0x00400fcc                Reset_Handler
 .text.SystemCoreClockUpdate
                0x00401094      0x10c src/ASF/sam/utils/cmsis/same70/source/templates/system_same70.o
                0x00401094                SystemCoreClockUpdate
 .text.system_init_flash
                0x004011a0       0x8c src/ASF/sam/utils/cmsis/same70/source/templates/system_same70.o
                0x004011a0                system_init_flash
 .text._sbrk    0x0040122c       0x38 src/ASF/sam/utils/syscalls/gcc/syscalls.o
                0x0040122c                _sbrk
 .text._close   0x00401264        0x6 src/ASF/sam/utils/syscalls/gcc/syscalls.o
                0x00401264                _close
 .text._fstat   0x0040126a        0xa src/ASF/sam/utils/syscalls/gcc/syscalls.o
                0x0040126a                _fstat
 .text._isatty  0x00401274        0x4 src/ASF/sam/utils/syscalls/gcc/syscalls.o
                0x00401274                _isatty
 .text._lseek   0x00401278        0x4 src/ASF/sam/utils/syscalls/gcc/syscalls.o
                0x00401278                _lseek
 .text.__libc_init_array
                0x0040127c       0x50 e:/apps/atmel/studio/7.0/toolchain/arm/arm-gnu-toolchain/bin/../lib/gcc/arm-none-eabi/6.3.1/../../../../arm-none-eabi/lib/thumb/v7e-m\libc.a(lib_a-init.o)
                0x0040127c                __libc_init_array
 .text.iprintf  0x004012cc       0x28 e:/apps/atmel/studio/7.0/toolchain/arm/arm-gnu-toolchain/bin/../lib/gcc/arm-none-eabi/6.3.1/../../../../arm-none-eabi/lib/thumb/v7e-m\libc.a(lib_a-iprintf.o)
                0x004012cc                iprintf
 .text.memset   0x004012f4       0x9c e:/apps/atmel/studio/7.0/toolchain/arm/arm-gnu-toolchain/bin/../lib/gcc/arm-none-eabi/6.3.1/../../../../arm-none-eabi/lib/thumb/v7e-m\libc.a(lib_a-memset.o)
                0x004012f4                memset
 .text._puts_r  0x00401390       0x9c e:/apps/atmel/studio/7.0/toolchain/arm/arm-gnu-toolchain/bin/../lib/gcc/arm-none-eabi/6.3.1/../../../../arm-none-eabi/lib/thumb/v7e-m\libc.a(lib_a-puts.o)
                0x00401390                _puts_r
 .text.puts     0x0040142c       0x10 e:/apps/atmel/studio/7.0/toolchain/arm/arm-gnu-toolchain/bin/../lib/gcc/arm-none-eabi/6.3.1/../../../../arm-none-eabi/lib/thumb/v7e-m\libc.a(lib_a-puts.o)
                0x0040142c                puts
 .text.setbuf   0x0040143c       0x10 e:/apps/atmel/studio/7.0/toolchain/arm/arm-gnu-toolchain/bin/../lib/gcc/arm-none-eabi/6.3.1/../../../../arm-none-eabi/lib/thumb/v7e-m\libc.a(lib_a-setbuf.o)
                0x0040143c                setbuf
 .text.setvbuf  0x0040144c      0x190 e:/apps/atmel/studio/7.0/toolchain/arm/arm-gnu-toolchain/bin/../lib/gcc/arm-none-eabi/6.3.1/../../../../arm-none-eabi/lib/thumb/v7e-m\libc.a(lib_a-setvbuf.o)
                0x0040144c                setvbuf
 .text.sprintf  0x004015dc       0x4c e:/apps/atmel/studio/7.0/toolchain/arm/arm-gnu-toolchain/bin/../lib/gcc/arm-none-eabi/6.3.1/../../../../arm-none-eabi/lib/thumb/v7e-m\libc.a(lib_a-sprintf.o)
                0x004015dc                sprintf
 *fill*         0x00401628       0x18 
 .text          0x00401640       0xdc e:/apps/atmel/studio/7.0/toolchain/arm/arm-gnu-toolchain/bin/../lib/gcc/arm-none-eabi/6.3.1/../../../../arm-none-eabi/lib/thumb/v7e-m\libc.a(lib_a-strlen.o)
                0x00401640                strlen
 .text._svfprintf_r
                0x0040171c     0x145c e:/apps/atmel/studio/7.0/toolchain/arm/arm-gnu-toolchain/bin/../lib/gcc/arm-none-eabi/6.3.1/../../../../arm-none-eabi/lib/thumb/v7e-m\libc.a(lib_a-svfprintf.o)
                0x0040171c                _svfprintf_r
 .text.__sprint_r.part.0
                0x00402b78       0x80 e:/apps/atmel/studio/7.0/toolchain/arm/arm-gnu-toolchain/bin/../lib/gcc/arm-none-eabi/6.3.1/../../../../arm-none-eabi/lib/thumb/v7e-m\libc.a(lib_a-vfiprintf.o)
 .text._vfiprintf_r
                0x00402bf8      0xc90 e:/apps/atmel/studio/7.0/toolchain/arm/arm-gnu-toolchain/bin/../lib/gcc/arm-none-eabi/6.3.1/../../../../arm-none-eabi/lib/thumb/v7e-m\libc.a(lib_a-vfiprintf.o)
                0x00402bf8                _vfiprintf_r
 .text.__sbprintf
                0x00403888       0x84 e:/apps/atmel/studio/7.0/toolchain/arm/arm-gnu-toolchain/bin/../lib/gcc/arm-none-eabi/6.3.1/../../../../arm-none-eabi/lib/thumb/v7e-m\libc.a(lib_a-vfiprintf.o)
 .text.__swsetup_r
                0x0040390c       0xc8 e:/apps/atmel/studio/7.0/toolchain/arm/arm-gnu-toolchain/bin/../lib/gcc/arm-none-eabi/6.3.1/../../../../arm-none-eabi/lib/thumb/v7e-m\libc.a(lib_a-wsetup.o)
                0x0040390c                __swsetup_r
 .text.startup.register_fini
                0x004039d4       0x14 e:/apps/atmel/studio/7.0/toolchain/arm/arm-gnu-toolchain/bin/../lib/gcc/arm-none-eabi/6.3.1/../../../../arm-none-eabi/lib/thumb/v7e-m\libc.a(lib_a-__call_atexit.o)
 .text.atexit   0x004039e8        0xc e:/apps/atmel/studio/7.0/toolchain/arm/arm-gnu-toolchain/bin/../lib/gcc/arm-none-eabi/6.3.1/../../../../arm-none-eabi/lib/thumb/v7e-m\libc.a(lib_a-atexit.o)
                0x004039e8                atexit
 .text.quorem   0x004039f4      0x128 e:/apps/atmel/studio/7.0/toolchain/arm/arm-gnu-toolchain/bin/../lib/gcc/arm-none-eabi/6.3.1/../../../../arm-none-eabi/lib/thumb/v7e-m\libc.a(lib_a-dtoa.o)
 *fill*         0x00403b1c        0x4 
 .text._dtoa_r  0x00403b20      0xe54 e:/apps/atmel/studio/7.0/toolchain/arm/arm-gnu-toolchain/bin/../lib/gcc/arm-none-eabi/6.3.1/../../../../arm-none-eabi/lib/thumb/v7e-m\libc.a(lib_a-dtoa.o)
                0x00403b20                _dtoa_r
 .text.__sflush_r
                0x00404974      0x140 e:/apps/atmel/studio/7.0/toolchain/arm/arm-gnu-toolchain/bin/../lib/gcc/arm-none-eabi/6.3.1/../../../../arm-none-eabi/lib/thumb/v7e-m\libc.a(lib_a-fflush.o)
                0x00404974                __sflush_r
 .text._fflush_r
                0x00404ab4       0x54 e:/apps/atmel/studio/7.0/toolchain/arm/arm-gnu-toolchain/bin/../lib/gcc/arm-none-eabi/6.3.1/../../../../arm-none-eabi/lib/thumb/v7e-m\libc.a(lib_a-fflush.o)
                0x00404ab4                _fflush_r
 .text._cleanup_r
                0x00404b08        0xc e:/apps/atmel/studio/7.0/toolchain/arm/arm-gnu-toolchain/bin/../lib/gcc/arm-none-eabi/6.3.1/../../../../arm-none-eabi/lib/thumb/v7e-m\libc.a(lib_a-findfp.o)
                0x00404b08                _cleanup_r
 .text.std.isra.0
                0x00404b14       0x50 e:/apps/atmel/studio/7.0/toolchain/arm/arm-gnu-toolchain/bin/../lib/gcc/arm-none-eabi/6.3.1/../../../../arm-none-eabi/lib/thumb/v7e-m\libc.a(lib_a-findfp.o)
 .text.__sinit  0x00404b64       0x58 e:/apps/atmel/studio/7.0/toolchain/arm/arm-gnu-toolchain/bin/../lib/gcc/arm-none-eabi/6.3.1/../../../../arm-none-eabi/lib/thumb/v7e-m\libc.a(lib_a-findfp.o)
                0x00404b64                __sinit
 .text.__sfp_lock_acquire
                0x00404bbc        0xc e:/apps/atmel/studio/7.0/toolchain/arm/arm-gnu-toolchain/bin/../lib/gcc/arm-none-eabi/6.3.1/../../../../arm-none-eabi/lib/thumb/v7e-m\libc.a(lib_a-findfp.o)
                0x00404bbc                __sfp_lock_acquire
 .text.__sfp_lock_release
                0x00404bc8        0xc e:/apps/atmel/studio/7.0/toolchain/arm/arm-gnu-toolchain/bin/../lib/gcc/arm-none-eabi/6.3.1/../../../../arm-none-eabi/lib/thumb/v7e-m\libc.a(lib_a-findfp.o)
                0x00404bc8                __sfp_lock_release
 .text.__libc_fini_array
                0x00404bd4       0x34 e:/apps/atmel/studio/7.0/toolchain/arm/arm-gnu-toolchain/bin/../lib/gcc/arm-none-eabi/6.3.1/../../../../arm-none-eabi/lib/thumb/v7e-m\libc.a(lib_a-fini.o)
                0x00404bd4                __libc_fini_array
 .text.__fputwc
                0x00404c08       0xa0 e:/apps/atmel/studio/7.0/toolchain/arm/arm-gnu-toolchain/bin/../lib/gcc/arm-none-eabi/6.3.1/../../../../arm-none-eabi/lib/thumb/v7e-m\libc.a(lib_a-fputwc.o)
                0x00404c08                __fputwc
 .text._fputwc_r
                0x00404ca8       0x68 e:/apps/atmel/studio/7.0/toolchain/arm/arm-gnu-toolchain/bin/../lib/gcc/arm-none-eabi/6.3.1/../../../../arm-none-eabi/lib/thumb/v7e-m\libc.a(lib_a-fputwc.o)
                0x00404ca8                _fputwc_r
 .text._malloc_trim_r
                0x00404d10       0xa0 e:/apps/atmel/studio/7.0/toolchain/arm/arm-gnu-toolchain/bin/../lib/gcc/arm-none-eabi/6.3.1/../../../../arm-none-eabi/lib/thumb/v7e-m\libc.a(lib_a-freer.o)
                0x00404d10                _malloc_trim_r
 .text._free_r  0x00404db0      0x1cc e:/apps/atmel/studio/7.0/toolchain/arm/arm-gnu-toolchain/bin/../lib/gcc/arm-none-eabi/6.3.1/../../../../arm-none-eabi/lib/thumb/v7e-m\libc.a(lib_a-freer.o)
                0x00404db0                _free_r
 .text.__sfvwrite_r
                0x00404f7c      0x2f0 e:/apps/atmel/studio/7.0/toolchain/arm/arm-gnu-toolchain/bin/../lib/gcc/arm-none-eabi/6.3.1/../../../../arm-none-eabi/lib/thumb/v7e-m\libc.a(lib_a-fvwrite.o)
                0x00404f7c                __sfvwrite_r
 .text._fwalk_reent
                0x0040526c       0x54 e:/apps/atmel/studio/7.0/toolchain/arm/arm-gnu-toolchain/bin/../lib/gcc/arm-none-eabi/6.3.1/../../../../arm-none-eabi/lib/thumb/v7e-m\libc.a(lib_a-fwalk.o)
                0x0040526c                _fwalk_reent
 .text.__locale_mb_cur_max
                0x004052c0       0x1c e:/apps/atmel/studio/7.0/toolchain/arm/arm-gnu-toolchain/bin/../lib/gcc/arm-none-eabi/6.3.1/../../../../arm-none-eabi/lib/thumb/v7e-m\libc.a(lib_a-locale.o)
                0x004052c0                __locale_mb_cur_max
 .text._localeconv_r
                0x004052dc       0x1c e:/apps/atmel/studio/7.0/toolchain/arm/arm-gnu-toolchain/bin/../lib/gcc/arm-none-eabi/6.3.1/../../../../arm-none-eabi/lib/thumb/v7e-m\libc.a(lib_a-localeconv.o)
                0x004052dc                _localeconv_r
 .text.__retarget_lock_init_recursive
                0x004052f8        0x4 e:/apps/atmel/studio/7.0/toolchain/arm/arm-gnu-toolchain/bin/../lib/gcc/arm-none-eabi/6.3.1/../../../../arm-none-eabi/lib/thumb/v7e-m\libc.a(lib_a-lock.o)
                0x004052f8                __retarget_lock_init_recursive
 .text.__retarget_lock_close_recursive
                0x004052fc        0x4 e:/apps/atmel/studio/7.0/toolchain/arm/arm-gnu-toolchain/bin/../lib/gcc/arm-none-eabi/6.3.1/../../../../arm-none-eabi/lib/thumb/v7e-m\libc.a(lib_a-lock.o)
                0x004052fc                __retarget_lock_close_recursive
 .text.__retarget_lock_acquire_recursive
                0x00405300        0x4 e:/apps/atmel/studio/7.0/toolchain/arm/arm-gnu-toolchain/bin/../lib/gcc/arm-none-eabi/6.3.1/../../../../arm-none-eabi/lib/thumb/v7e-m\libc.a(lib_a-lock.o)
                0x00405300                __retarget_lock_acquire_recursive
 .text.__retarget_lock_release_recursive
                0x00405304        0x4 e:/apps/atmel/studio/7.0/toolchain/arm/arm-gnu-toolchain/bin/../lib/gcc/arm-none-eabi/6.3.1/../../../../arm-none-eabi/lib/thumb/v7e-m\libc.a(lib_a-lock.o)
                0x00405304                __retarget_lock_release_recursive
 .text.__swhatbuf_r
                0x00405308       0x5c e:/apps/atmel/studio/7.0/toolchain/arm/arm-gnu-toolchain/bin/../lib/gcc/arm-none-eabi/6.3.1/../../../../arm-none-eabi/lib/thumb/v7e-m\libc.a(lib_a-makebuf.o)
                0x00405308                __swhatbuf_r
 .text.__smakebuf_r
                0x00405364       0x94 e:/apps/atmel/studio/7.0/toolchain/arm/arm-gnu-toolchain/bin/../lib/gcc/arm-none-eabi/6.3.1/../../../../arm-none-eabi/lib/thumb/v7e-m\libc.a(lib_a-makebuf.o)
                0x00405364                __smakebuf_r
 .text.malloc   0x004053f8       0x10 e:/apps/atmel/studio/7.0/toolchain/arm/arm-gnu-toolchain/bin/../lib/gcc/arm-none-eabi/6.3.1/../../../../arm-none-eabi/lib/thumb/v7e-m\libc.a(lib_a-malloc.o)
                0x004053f8                malloc
 .text._malloc_r
                0x00405408      0x560 e:/apps/atmel/studio/7.0/toolchain/arm/arm-gnu-toolchain/bin/../lib/gcc/arm-none-eabi/6.3.1/../../../../arm-none-eabi/lib/thumb/v7e-m\libc.a(lib_a-mallocr.o)
                0x00405408                _malloc_r
 .text.__ascii_mbtowc
                0x00405968       0x2c e:/apps/atmel/studio/7.0/toolchain/arm/arm-gnu-toolchain/bin/../lib/gcc/arm-none-eabi/6.3.1/../../../../arm-none-eabi/lib/thumb/v7e-m\libc.a(lib_a-mbtowc_r.o)
                0x00405968                __ascii_mbtowc
 *fill*         0x00405994        0xc 
 .text          0x004059a0       0xa0 e:/apps/atmel/studio/7.0/toolchain/arm/arm-gnu-toolchain/bin/../lib/gcc/arm-none-eabi/6.3.1/../../../../arm-none-eabi/lib/thumb/v7e-m\libc.a(lib_a-memchr.o)
                0x004059a0                memchr
 .text          0x00405a40      0x134 e:/apps/atmel/studio/7.0/toolchain/arm/arm-gnu-toolchain/bin/../lib/gcc/arm-none-eabi/6.3.1/../../../../arm-none-eabi/lib/thumb/v7e-m\libc.a(lib_a-memcpy.o)
                0x00405a40                memcpy
 .text.memmove  0x00405b74       0xc8 e:/apps/atmel/studio/7.0/toolchain/arm/arm-gnu-toolchain/bin/../lib/gcc/arm-none-eabi/6.3.1/../../../../arm-none-eabi/lib/thumb/v7e-m\libc.a(lib_a-memmove.o)
                0x00405b74                memmove
 .text.__malloc_lock
                0x00405c3c        0xc e:/apps/atmel/studio/7.0/toolchain/arm/arm-gnu-toolchain/bin/../lib/gcc/arm-none-eabi/6.3.1/../../../../arm-none-eabi/lib/thumb/v7e-m\libc.a(lib_a-mlock.o)
                0x00405c3c                __malloc_lock
 .text.__malloc_unlock
                0x00405c48        0xc e:/apps/atmel/studio/7.0/toolchain/arm/arm-gnu-toolchain/bin/../lib/gcc/arm-none-eabi/6.3.1/../../../../arm-none-eabi/lib/thumb/v7e-m\libc.a(lib_a-mlock.o)
                0x00405c48                __malloc_unlock
 .text._Balloc  0x00405c54       0x4c e:/apps/atmel/studio/7.0/toolchain/arm/arm-gnu-toolchain/bin/../lib/gcc/arm-none-eabi/6.3.1/../../../../arm-none-eabi/lib/thumb/v7e-m\libc.a(lib_a-mprec.o)
                0x00405c54                _Balloc
 .text._Bfree   0x00405ca0       0x14 e:/apps/atmel/studio/7.0/toolchain/arm/arm-gnu-toolchain/bin/../lib/gcc/arm-none-eabi/6.3.1/../../../../arm-none-eabi/lib/thumb/v7e-m\libc.a(lib_a-mprec.o)
                0x00405ca0                _Bfree
 .text.__multadd
                0x00405cb4       0x80 e:/apps/atmel/studio/7.0/toolchain/arm/arm-gnu-toolchain/bin/../lib/gcc/arm-none-eabi/6.3.1/../../../../arm-none-eabi/lib/thumb/v7e-m\libc.a(lib_a-mprec.o)
                0x00405cb4                __multadd
 .text.__hi0bits
                0x00405d34       0x40 e:/apps/atmel/studio/7.0/toolchain/arm/arm-gnu-toolchain/bin/../lib/gcc/arm-none-eabi/6.3.1/../../../../arm-none-eabi/lib/thumb/v7e-m\libc.a(lib_a-mprec.o)
                0x00405d34                __hi0bits
 .text.__lo0bits
                0x00405d74       0x60 e:/apps/atmel/studio/7.0/toolchain/arm/arm-gnu-toolchain/bin/../lib/gcc/arm-none-eabi/6.3.1/../../../../arm-none-eabi/lib/thumb/v7e-m\libc.a(lib_a-mprec.o)
                0x00405d74                __lo0bits
 .text.__i2b    0x00405dd4       0x14 e:/apps/atmel/studio/7.0/toolchain/arm/arm-gnu-toolchain/bin/../lib/gcc/arm-none-eabi/6.3.1/../../../../arm-none-eabi/lib/thumb/v7e-m\libc.a(lib_a-mprec.o)
                0x00405dd4                __i2b
 .text.__multiply
                0x00405de8      0x124 e:/apps/atmel/studio/7.0/toolchain/arm/arm-gnu-toolchain/bin/../lib/gcc/arm-none-eabi/6.3.1/../../../../arm-none-eabi/lib/thumb/v7e-m\libc.a(lib_a-mprec.o)
                0x00405de8                __multiply
 .text.__pow5mult
                0x00405f0c       0xa0 e:/apps/atmel/studio/7.0/toolchain/arm/arm-gnu-toolchain/bin/../lib/gcc/arm-none-eabi/6.3.1/../../../../arm-none-eabi/lib/thumb/v7e-m\libc.a(lib_a-mprec.o)
                0x00405f0c                __pow5mult
 .text.__lshift
                0x00405fac       0xa4 e:/apps/atmel/studio/7.0/toolchain/arm/arm-gnu-toolchain/bin/../lib/gcc/arm-none-eabi/6.3.1/../../../../arm-none-eabi/lib/thumb/v7e-m\libc.a(lib_a-mprec.o)
                0x00405fac                __lshift
 .text.__mcmp   0x00406050       0x38 e:/apps/atmel/studio/7.0/toolchain/arm/arm-gnu-toolchain/bin/../lib/gcc/arm-none-eabi/6.3.1/../../../../arm-none-eabi/lib/thumb/v7e-m\libc.a(lib_a-mprec.o)
                0x00406050                __mcmp
 .text.__mdiff  0x00406088      0x108 e:/apps/atmel/studio/7.0/toolchain/arm/arm-gnu-toolchain/bin/../lib/gcc/arm-none-eabi/6.3.1/../../../../arm-none-eabi/lib/thumb/v7e-m\libc.a(lib_a-mprec.o)
                0x00406088                __mdiff
 .text.__d2b    0x00406190       0xb8 e:/apps/atmel/studio/7.0/toolchain/arm/arm-gnu-toolchain/bin/../lib/gcc/arm-none-eabi/6.3.1/../../../../arm-none-eabi/lib/thumb/v7e-m\libc.a(lib_a-mprec.o)
                0x00406190                __d2b
 .text._realloc_r
                0x00406248      0x34c e:/apps/atmel/studio/7.0/toolchain/arm/arm-gnu-toolchain/bin/../lib/gcc/arm-none-eabi/6.3.1/../../../../arm-none-eabi/lib/thumb/v7e-m\libc.a(lib_a-reallocr.o)
                0x00406248                _realloc_r
 .text._sbrk_r  0x00406594       0x24 e:/apps/atmel/studio/7.0/toolchain/arm/arm-gnu-toolchain/bin/../lib/gcc/arm-none-eabi/6.3.1/../../../../arm-none-eabi/lib/thumb/v7e-m\libc.a(lib_a-sbrkr.o)
                0x00406594                _sbrk_r
 .text.__sread  0x004065b8       0x24 e:/apps/atmel/studio/7.0/toolchain/arm/arm-gnu-toolchain/bin/../lib/gcc/arm-none-eabi/6.3.1/../../../../arm-none-eabi/lib/thumb/v7e-m\libc.a(lib_a-stdio.o)
                0x004065b8                __sread
 .text.__swrite
                0x004065dc       0x3c e:/apps/atmel/studio/7.0/toolchain/arm/arm-gnu-toolchain/bin/../lib/gcc/arm-none-eabi/6.3.1/../../../../arm-none-eabi/lib/thumb/v7e-m\libc.a(lib_a-stdio.o)
                0x004065dc                __swrite
 .text.__sseek  0x00406618       0x20 e:/apps/atmel/studio/7.0/toolchain/arm/arm-gnu-toolchain/bin/../lib/gcc/arm-none-eabi/6.3.1/../../../../arm-none-eabi/lib/thumb/v7e-m\libc.a(lib_a-stdio.o)
                0x00406618                __sseek
 .text.__sclose
                0x00406638        0x8 e:/apps/atmel/studio/7.0/toolchain/arm/arm-gnu-toolchain/bin/../lib/gcc/arm-none-eabi/6.3.1/../../../../arm-none-eabi/lib/thumb/v7e-m\libc.a(lib_a-stdio.o)
                0x00406638                __sclose
 .text.__ssprint_r
                0x00406640       0xfc e:/apps/atmel/studio/7.0/toolchain/arm/arm-gnu-toolchain/bin/../lib/gcc/arm-none-eabi/6.3.1/../../../../arm-none-eabi/lib/thumb/v7e-m\libc.a(lib_a-svfiprintf.o)
                0x00406640                __ssprint_r
 .text.__swbuf_r
                0x0040673c       0xb0 e:/apps/atmel/studio/7.0/toolchain/arm/arm-gnu-toolchain/bin/../lib/gcc/arm-none-eabi/6.3.1/../../../../arm-none-eabi/lib/thumb/v7e-m\libc.a(lib_a-wbuf.o)
                0x0040673c                __swbuf_r
 .text._wcrtomb_r
                0x004067ec       0x54 e:/apps/atmel/studio/7.0/toolchain/arm/arm-gnu-toolchain/bin/../lib/gcc/arm-none-eabi/6.3.1/../../../../arm-none-eabi/lib/thumb/v7e-m\libc.a(lib_a-wcrtomb.o)
                0x004067ec                _wcrtomb_r
 .text.__ascii_wctomb
                0x00406840       0x1c e:/apps/atmel/studio/7.0/toolchain/arm/arm-gnu-toolchain/bin/../lib/gcc/arm-none-eabi/6.3.1/../../../../arm-none-eabi/lib/thumb/v7e-m\libc.a(lib_a-wctomb_r.o)
                0x00406840                __ascii_wctomb
 .text._write_r
                0x0040685c       0x2c e:/apps/atmel/studio/7.0/toolchain/arm/arm-gnu-toolchain/bin/../lib/gcc/arm-none-eabi/6.3.1/../../../../arm-none-eabi/lib/thumb/v7e-m\libc.a(lib_a-writer.o)
                0x0040685c                _write_r
 .text.__register_exitproc
                0x00406888       0xc4 e:/apps/atmel/studio/7.0/toolchain/arm/arm-gnu-toolchain/bin/../lib/gcc/arm-none-eabi/6.3.1/../../../../arm-none-eabi/lib/thumb/v7e-m\libc.a(lib_a-__atexit.o)
                0x00406888                __register_exitproc
 .text._calloc_r
                0x0040694c       0x60 e:/apps/atmel/studio/7.0/toolchain/arm/arm-gnu-toolchain/bin/../lib/gcc/arm-none-eabi/6.3.1/../../../../arm-none-eabi/lib/thumb/v7e-m\libc.a(lib_a-callocr.o)
                0x0040694c                _calloc_r
 .text._close_r
                0x004069ac       0x24 e:/apps/atmel/studio/7.0/toolchain/arm/arm-gnu-toolchain/bin/../lib/gcc/arm-none-eabi/6.3.1/../../../../arm-none-eabi/lib/thumb/v7e-m\libc.a(lib_a-closer.o)
                0x004069ac                _close_r
 .text._fclose_r
                0x004069d0       0xc4 e:/apps/atmel/studio/7.0/toolchain/arm/arm-gnu-toolchain/bin/../lib/gcc/arm-none-eabi/6.3.1/../../../../arm-none-eabi/lib/thumb/v7e-m\libc.a(lib_a-fclose.o)
                0x004069d0                _fclose_r
 .text._fstat_r
                0x00406a94       0x28 e:/apps/atmel/studio/7.0/toolchain/arm/arm-gnu-toolchain/bin/../lib/gcc/arm-none-eabi/6.3.1/../../../../arm-none-eabi/lib/thumb/v7e-m\libc.a(lib_a-fstatr.o)
                0x00406a94                _fstat_r
 .text._isatty_r
                0x00406abc       0x24 e:/apps/atmel/studio/7.0/toolchain/arm/arm-gnu-toolchain/bin/../lib/gcc/arm-none-eabi/6.3.1/../../../../arm-none-eabi/lib/thumb/v7e-m\libc.a(lib_a-isattyr.o)
                0x00406abc                _isatty_r
 .text._lseek_r
                0x00406ae0       0x2c e:/apps/atmel/studio/7.0/toolchain/arm/arm-gnu-toolchain/bin/../lib/gcc/arm-none-eabi/6.3.1/../../../../arm-none-eabi/lib/thumb/v7e-m\libc.a(lib_a-lseekr.o)
                0x00406ae0                _lseek_r
 .text._read_r  0x00406b0c       0x2c e:/apps/atmel/studio/7.0/toolchain/arm/arm-gnu-toolchain/bin/../lib/gcc/arm-none-eabi/6.3.1/../../../../arm-none-eabi/lib/thumb/v7e-m\libc.a(lib_a-readr.o)
                0x00406b0c                _read_r
 .text          0x00406b38      0x370 e:/apps/atmel/studio/7.0/toolchain/arm/arm-gnu-toolchain/bin/../lib/gcc/arm-none-eabi/6.3.1/thumb/v7e-m\libgcc.a(_arm_addsubdf3.o)
                0x00406b38                __aeabi_drsub
                0x00406b40                __aeabi_dsub
                0x00406b40                __subdf3
                0x00406b44                __aeabi_dadd
                0x00406b44                __adddf3
                0x00406dbc                __floatunsidf
                0x00406dbc                __aeabi_ui2d
                0x00406ddc                __floatsidf
                0x00406ddc                __aeabi_i2d
                0x00406e00                __aeabi_f2d
                0x00406e00                __extendsfdf2
                0x00406e3c                __floatundidf
                0x00406e3c                __aeabi_ul2d
                0x00406e4c                __floatdidf
                0x00406e4c                __aeabi_l2d
 .text          0x00406ea8      0x424 e:/apps/atmel/studio/7.0/toolchain/arm/arm-gnu-toolchain/bin/../lib/gcc/arm-none-eabi/6.3.1/thumb/v7e-m\libgcc.a(_arm_muldivdf3.o)
                0x00406ea8                __aeabi_dmul
                0x00406ea8                __muldf3
                0x004070fc                __divdf3
                0x004070fc                __aeabi_ddiv
 .text          0x004072cc      0x110 e:/apps/atmel/studio/7.0/toolchain/arm/arm-gnu-toolchain/bin/../lib/gcc/arm-none-eabi/6.3.1/thumb/v7e-m\libgcc.a(_arm_cmpdf2.o)
                0x004072cc                __gtdf2
                0x004072cc                __gedf2
                0x004072d4                __ltdf2
                0x004072d4                __ledf2
                0x004072dc                __nedf2
                0x004072dc                __eqdf2
                0x004072dc                __cmpdf2
                0x00407358                __aeabi_cdrcmple
                0x00407368                __aeabi_cdcmpeq
                0x00407368                __aeabi_cdcmple
                0x00407378                __aeabi_dcmpeq
                0x0040738c                __aeabi_dcmplt
                0x004073a0                __aeabi_dcmple
                0x004073b4                __aeabi_dcmpge
                0x004073c8                __aeabi_dcmpgt
 .text          0x004073dc       0x2c e:/apps/atmel/studio/7.0/toolchain/arm/arm-gnu-toolchain/bin/../lib/gcc/arm-none-eabi/6.3.1/thumb/v7e-m\libgcc.a(_arm_unorddf2.o)
                0x004073dc                __unorddf2
                0x004073dc                __aeabi_dcmpun
 .text          0x00407408       0x50 e:/apps/atmel/studio/7.0/toolchain/arm/arm-gnu-toolchain/bin/../lib/gcc/arm-none-eabi/6.3.1/thumb/v7e-m\libgcc.a(_arm_fixdfsi.o)
                0x00407408                __aeabi_d2iz
                0x00407408                __fixdfsi
 .text          0x00407458       0x30 e:/apps/atmel/studio/7.0/toolchain/arm/arm-gnu-toolchain/bin/../lib/gcc/arm-none-eabi/6.3.1/thumb/v7e-m\libgcc.a(_aeabi_uldivmod.o)
                0x00407458                __aeabi_uldivmod
 .text          0x00407488      0x2dc e:/apps/atmel/studio/7.0/toolchain/arm/arm-gnu-toolchain/bin/../lib/gcc/arm-none-eabi/6.3.1/thumb/v7e-m\libgcc.a(_udivmoddi4.o)
                0x00407488                __udivmoddi4
 .text          0x00407764        0x4 e:/apps/atmel/studio/7.0/toolchain/arm/arm-gnu-toolchain/bin/../lib/gcc/arm-none-eabi/6.3.1/thumb/v7e-m\libgcc.a(_dvmd_tls.o)
                0x00407764                __aeabi_idiv0
                0x00407764                __aeabi_ldiv0
 *(.glue_7t)
 .glue_7t       0x00407768        0x0 linker stubs
 *(.glue_7)
 .glue_7        0x00407768        0x0 linker stubs
 *(.rodata .rodata* .gnu.linkonce.r.*)
 .rodata        0x00407768       0x12 src/main.o
 *fill*         0x0040777a        0x2 
 .rodata.main.str1.4
                0x0040777c       0x7f src/main.o
 *fill*         0x004077fb        0x1 
 .rodata._global_impure_ptr
                0x004077fc        0x4 e:/apps/atmel/studio/7.0/toolchain/arm/arm-gnu-toolchain/bin/../lib/gcc/arm-none-eabi/6.3.1/../../../../arm-none-eabi/lib/thumb/v7e-m\libc.a(lib_a-impure.o)
                0x004077fc                _global_impure_ptr
 .rodata._puts_r.str1.4
                0x00407800        0x2 e:/apps/atmel/studio/7.0/toolchain/arm/arm-gnu-toolchain/bin/../lib/gcc/arm-none-eabi/6.3.1/../../../../arm-none-eabi/lib/thumb/v7e-m\libc.a(lib_a-puts.o)
 *fill*         0x00407802        0x2 
 .rodata._svfprintf_r.str1.4
                0x00407804       0x42 e:/apps/atmel/studio/7.0/toolchain/arm/arm-gnu-toolchain/bin/../lib/gcc/arm-none-eabi/6.3.1/../../../../arm-none-eabi/lib/thumb/v7e-m\libc.a(lib_a-svfprintf.o)
 *fill*         0x00407846        0x2 
 .rodata.blanks.7223
                0x00407848       0x10 e:/apps/atmel/studio/7.0/toolchain/arm/arm-gnu-toolchain/bin/../lib/gcc/arm-none-eabi/6.3.1/../../../../arm-none-eabi/lib/thumb/v7e-m\libc.a(lib_a-svfprintf.o)
 .rodata.zeroes.7224
                0x00407858       0x10 e:/apps/atmel/studio/7.0/toolchain/arm/arm-gnu-toolchain/bin/../lib/gcc/arm-none-eabi/6.3.1/../../../../arm-none-eabi/lib/thumb/v7e-m\libc.a(lib_a-svfprintf.o)
 .rodata._vfiprintf_r.str1.4
                0x00407868       0x2f e:/apps/atmel/studio/7.0/toolchain/arm/arm-gnu-toolchain/bin/../lib/gcc/arm-none-eabi/6.3.1/../../../../arm-none-eabi/lib/thumb/v7e-m\libc.a(lib_a-vfiprintf.o)
 .rodata.blanks.7217
                0x00407868       0x10 e:/apps/atmel/studio/7.0/toolchain/arm/arm-gnu-toolchain/bin/../lib/gcc/arm-none-eabi/6.3.1/../../../../arm-none-eabi/lib/thumb/v7e-m\libc.a(lib_a-vfiprintf.o)
 .rodata.zeroes.7218
                0x00407878       0x10 e:/apps/atmel/studio/7.0/toolchain/arm/arm-gnu-toolchain/bin/../lib/gcc/arm-none-eabi/6.3.1/../../../../arm-none-eabi/lib/thumb/v7e-m\libc.a(lib_a-vfiprintf.o)
 .rodata._dtoa_r.str1.4
                0x00407888       0x10 e:/apps/atmel/studio/7.0/toolchain/arm/arm-gnu-toolchain/bin/../lib/gcc/arm-none-eabi/6.3.1/../../../../arm-none-eabi/lib/thumb/v7e-m\libc.a(lib_a-dtoa.o)
                                 0x12 (size before relaxing)
 .rodata._setlocale_r.str1.4
                0x00407898        0xa e:/apps/atmel/studio/7.0/toolchain/arm/arm-gnu-toolchain/bin/../lib/gcc/arm-none-eabi/6.3.1/../../../../arm-none-eabi/lib/thumb/v7e-m\libc.a(lib_a-locale.o)
                                  0xd (size before relaxing)
 *fill*         0x004078a2        0x2 
 .rodata.str1.4
                0x004078a4        0x4 e:/apps/atmel/studio/7.0/toolchain/arm/arm-gnu-toolchain/bin/../lib/gcc/arm-none-eabi/6.3.1/../../../../arm-none-eabi/lib/thumb/v7e-m\libc.a(lib_a-locale.o)
                                  0x2 (size before relaxing)
 .rodata.__mprec_bigtens
                0x004078a8       0x28 e:/apps/atmel/studio/7.0/toolchain/arm/arm-gnu-toolchain/bin/../lib/gcc/arm-none-eabi/6.3.1/../../../../arm-none-eabi/lib/thumb/v7e-m\libc.a(lib_a-mprec.o)
                0x004078a8                __mprec_bigtens
 .rodata.__mprec_tens
                0x004078d0       0xc8 e:/apps/atmel/studio/7.0/toolchain/arm/arm-gnu-toolchain/bin/../lib/gcc/arm-none-eabi/6.3.1/../../../../arm-none-eabi/lib/thumb/v7e-m\libc.a(lib_a-mprec.o)
                0x004078d0                __mprec_tens
 .rodata.p05.6055
                0x00407998        0xc e:/apps/atmel/studio/7.0/toolchain/arm/arm-gnu-toolchain/bin/../lib/gcc/arm-none-eabi/6.3.1/../../../../arm-none-eabi/lib/thumb/v7e-m\libc.a(lib_a-mprec.o)
 .rodata._ctype_
                0x004079a4      0x101 e:/apps/atmel/studio/7.0/toolchain/arm/arm-gnu-toolchain/bin/../lib/gcc/arm-none-eabi/6.3.1/../../../../arm-none-eabi/lib/thumb/v7e-m\libc.a(lib_a-ctype_.o)
                0x004079a4                _ctype_
 *(.ARM.extab* .gnu.linkonce.armextab.*)
                0x00407aa8                . = ALIGN (0x4)
 *fill*         0x00407aa5        0x3 
 *(.init)
 .init          0x00407aa8        0x4 e:/apps/atmel/studio/7.0/toolchain/arm/arm-gnu-toolchain/bin/../lib/gcc/arm-none-eabi/6.3.1/thumb/v7e-m/crti.o
                0x00407aa8                _init
 .init          0x00407aac        0x8 e:/apps/atmel/studio/7.0/toolchain/arm/arm-gnu-toolchain/bin/../lib/gcc/arm-none-eabi/6.3.1/thumb/v7e-m/crtn.o
                0x00407ab4                . = ALIGN (0x4)
                0x00407ab4                __preinit_array_start = .
 *(.preinit_array)
                0x00407ab4                __preinit_array_end = .
                0x00407ab4                . = ALIGN (0x4)
                0x00407ab4                __init_array_start = .
 *(SORT(.init_array.*))
 .init_array.00000
                0x00407ab4        0x4 e:/apps/atmel/studio/7.0/toolchain/arm/arm-gnu-toolchain/bin/../lib/gcc/arm-none-eabi/6.3.1/../../../../arm-none-eabi/lib/thumb/v7e-m\libc.a(lib_a-__call_atexit.o)
 *(.init_array)
 .init_array    0x00407ab8        0x4 e:/apps/atmel/studio/7.0/toolchain/arm/arm-gnu-toolchain/bin/../lib/gcc/arm-none-eabi/6.3.1/thumb/v7e-m/crtbegin.o
                0x00407abc                __init_array_end = .
                0x00407abc                . = ALIGN (0x4)
 *crtbegin.o(.ctors)
 *(EXCLUDE_FILE(*crtend.o) .ctors)
 *(SORT(.ctors.*))
 *crtend.o(.ctors)
                0x00407abc                . = ALIGN (0x4)
 *(.fini)
 .fini          0x00407abc        0x4 e:/apps/atmel/studio/7.0/toolchain/arm/arm-gnu-toolchain/bin/../lib/gcc/arm-none-eabi/6.3.1/thumb/v7e-m/crti.o
                0x00407abc                _fini
 .fini          0x00407ac0        0x8 e:/apps/atmel/studio/7.0/toolchain/arm/arm-gnu-toolchain/bin/../lib/gcc/arm-none-eabi/6.3.1/thumb/v7e-m/crtn.o
                0x00407ac8                . = ALIGN (0x4)
                0x00407ac8                __fini_array_start = .
 *(.fini_array)
 .fini_array    0x00407ac8        0x4 e:/apps/atmel/studio/7.0/toolchain/arm/arm-gnu-toolchain/bin/../lib/gcc/arm-none-eabi/6.3.1/thumb/v7e-m/crtbegin.o
 *(SORT(.fini_array.*))
                0x00407acc                __fini_array_end = .
 *crtbegin.o(.dtors)
 *(EXCLUDE_FILE(*crtend.o) .dtors)
 *(SORT(.dtors.*))
 *crtend.o(.dtors)
                0x00407acc                . = ALIGN (0x4)
                0x00407acc                _efixed = .
                [!provide]                PROVIDE (__exidx_start, .)

.vfp11_veneer   0x00407acc        0x0
 .vfp11_veneer  0x00407acc        0x0 linker stubs

.v4_bx          0x00407acc        0x0
 .v4_bx         0x00407acc        0x0 linker stubs

.iplt           0x00407acc        0x0
 .iplt          0x00407acc        0x0 e:/apps/atmel/studio/7.0/toolchain/arm/arm-gnu-toolchain/bin/../lib/gcc/arm-none-eabi/6.3.1/thumb/v7e-m/crtbegin.o

.ARM.exidx      0x00407acc        0x8
 *(.ARM.exidx* .gnu.linkonce.armexidx.*)
 .ARM.exidx     0x00407acc        0x8 e:/apps/atmel/studio/7.0/toolchain/arm/arm-gnu-toolchain/bin/../lib/gcc/arm-none-eabi/6.3.1/thumb/v7e-m\libgcc.a(_udivmoddi4.o)
                [!provide]                PROVIDE (__exidx_end, .)

.eh_frame       0x00407ad4        0x0
 .eh_frame      0x00407ad4        0x0 e:/apps/atmel/studio/7.0/toolchain/arm/arm-gnu-toolchain/bin/../lib/gcc/arm-none-eabi/6.3.1/thumb/v7e-m/crtbegin.o

.rel.dyn        0x00407ad4        0x0
 .rel.iplt      0x00407ad4        0x0 e:/apps/atmel/studio/7.0/toolchain/arm/arm-gnu-toolchain/bin/../lib/gcc/arm-none-eabi/6.3.1/thumb/v7e-m/crtbegin.o

.jcr            0x00407ad4        0x0
 .jcr           0x00407ad4        0x0 e:/apps/atmel/studio/7.0/toolchain/arm/arm-gnu-toolchain/bin/../lib/gcc/arm-none-eabi/6.3.1/thumb/v7e-m/crtbegin.o

.igot.plt       0x00407ad4        0x0
 .igot.plt      0x00407ad4        0x0 e:/apps/atmel/studio/7.0/toolchain/arm/arm-gnu-toolchain/bin/../lib/gcc/arm-none-eabi/6.3.1/thumb/v7e-m/crtbegin.o
                0x00407ad4                . = ALIGN (0x4)
                0x00407ad4                _etext = .

.relocate       0x20400000      0x9b8 load address 0x00407ad4
                0x20400000                . = ALIGN (0x4)
                0x20400000                _srelocate = .
 *(.ramfunc .ramfunc.*)
 *(.data .data.*)
 .data.g_interrupt_enabled
                0x20400000        0x1 src/ASF/common/utils/interrupt/interrupt_sam_nvic.o
                0x20400000                g_interrupt_enabled
 *fill*         0x20400001        0x3 
 .data.SystemCoreClock
                0x20400004        0x4 src/ASF/sam/utils/cmsis/same70/source/templates/system_same70.o
                0x20400004                SystemCoreClock
 .data._impure_ptr
                0x20400008        0x4 e:/apps/atmel/studio/7.0/toolchain/arm/arm-gnu-toolchain/bin/../lib/gcc/arm-none-eabi/6.3.1/../../../../arm-none-eabi/lib/thumb/v7e-m\libc.a(lib_a-impure.o)
                0x20400008                _impure_ptr
 *fill*         0x2040000c        0x4 
 .data.impure_data
                0x20400010      0x428 e:/apps/atmel/studio/7.0/toolchain/arm/arm-gnu-toolchain/bin/../lib/gcc/arm-none-eabi/6.3.1/../../../../arm-none-eabi/lib/thumb/v7e-m\libc.a(lib_a-impure.o)
 .data.__atexit_recursive_mutex
                0x20400438        0x4 e:/apps/atmel/studio/7.0/toolchain/arm/arm-gnu-toolchain/bin/../lib/gcc/arm-none-eabi/6.3.1/../../../../arm-none-eabi/lib/thumb/v7e-m\libc.a(lib_a-__call_atexit.o)
                0x20400438                __atexit_recursive_mutex
 .data.__global_locale
                0x2040043c      0x16c e:/apps/atmel/studio/7.0/toolchain/arm/arm-gnu-toolchain/bin/../lib/gcc/arm-none-eabi/6.3.1/../../../../arm-none-eabi/lib/thumb/v7e-m\libc.a(lib_a-locale.o)
                0x2040043c                __global_locale
 .data.__malloc_av_
                0x204005a8      0x408 e:/apps/atmel/studio/7.0/toolchain/arm/arm-gnu-toolchain/bin/../lib/gcc/arm-none-eabi/6.3.1/../../../../arm-none-eabi/lib/thumb/v7e-m\libc.a(lib_a-mallocr.o)
                0x204005a8                __malloc_av_
 .data.__malloc_sbrk_base
                0x204009b0        0x4 e:/apps/atmel/studio/7.0/toolchain/arm/arm-gnu-toolchain/bin/../lib/gcc/arm-none-eabi/6.3.1/../../../../arm-none-eabi/lib/thumb/v7e-m\libc.a(lib_a-mallocr.o)
                0x204009b0                __malloc_sbrk_base
 .data.__malloc_trim_threshold
                0x204009b4        0x4 e:/apps/atmel/studio/7.0/toolchain/arm/arm-gnu-toolchain/bin/../lib/gcc/arm-none-eabi/6.3.1/../../../../arm-none-eabi/lib/thumb/v7e-m\libc.a(lib_a-mallocr.o)
                0x204009b4                __malloc_trim_threshold
                0x204009b8                . = ALIGN (0x4)
                0x204009b8                _erelocate = .

.bss            0x204009b8      0x18c load address 0x0040848c
                0x204009b8                . = ALIGN (0x4)
                0x204009b8                _sbss = .
                0x204009b8                _szero = .
 *(.bss .bss.*)
 .bss           0x204009b8       0x1c e:/apps/atmel/studio/7.0/toolchain/arm/arm-gnu-toolchain/bin/../lib/gcc/arm-none-eabi/6.3.1/thumb/v7e-m/crtbegin.o
 .bss.g_is_conversion_done_analog
                0x204009d4        0x1 src/main.o
                0x204009d4                g_is_conversion_done_analog
 *fill*         0x204009d5        0x3 
 .bss.g_ul_value_analog
                0x204009d8        0x4 src/main.o
                0x204009d8                g_ul_value_analog
 .bss.gs_interrupt_sources
                0x204009dc       0x70 src/ASF/sam/drivers/pio/pio_handler.o
 .bss.ul_reg_val.9325
                0x20400a4c        0x4 src/ASF/sam/drivers/usart/usart.o
 .bss.heap.6420
                0x20400a50        0x4 src/ASF/sam/utils/syscalls/gcc/syscalls.o
 .bss.__malloc_current_mallinfo
                0x20400a54       0x28 e:/apps/atmel/studio/7.0/toolchain/arm/arm-gnu-toolchain/bin/../lib/gcc/arm-none-eabi/6.3.1/../../../../arm-none-eabi/lib/thumb/v7e-m\libc.a(lib_a-mallocr.o)
                0x20400a54                __malloc_current_mallinfo
 .bss.__malloc_max_sbrked_mem
                0x20400a7c        0x4 e:/apps/atmel/studio/7.0/toolchain/arm/arm-gnu-toolchain/bin/../lib/gcc/arm-none-eabi/6.3.1/../../../../arm-none-eabi/lib/thumb/v7e-m\libc.a(lib_a-mallocr.o)
                0x20400a7c                __malloc_max_sbrked_mem
 .bss.__malloc_max_total_mem
                0x20400a80        0x4 e:/apps/atmel/studio/7.0/toolchain/arm/arm-gnu-toolchain/bin/../lib/gcc/arm-none-eabi/6.3.1/../../../../arm-none-eabi/lib/thumb/v7e-m\libc.a(lib_a-mallocr.o)
                0x20400a80                __malloc_max_total_mem
 .bss.__malloc_top_pad
                0x20400a84        0x4 e:/apps/atmel/studio/7.0/toolchain/arm/arm-gnu-toolchain/bin/../lib/gcc/arm-none-eabi/6.3.1/../../../../arm-none-eabi/lib/thumb/v7e-m\libc.a(lib_a-mallocr.o)
                0x20400a84                __malloc_top_pad
 *(COMMON)
 COMMON         0x20400a88        0x6 src/ASF/common/services/sleepmgr/sam/sleepmgr.o
                0x20400a88                sleepmgr_locks
 *fill*         0x20400a8e        0x2 
 COMMON         0x20400a90        0x4 src/ASF/common/utils/stdio/read.o
                0x20400a90                ptr_get
 COMMON         0x20400a94        0x8 src/ASF/common/utils/stdio/write.o
                0x20400a94                ptr_put
                0x20400a98                stdio_base
 COMMON         0x20400a9c       0x80 src/ASF/sam/drivers/afec/afec.o
                0x20400a9c                afec_callback_pointer
 COMMON         0x20400b1c       0x21 e:/apps/atmel/studio/7.0/toolchain/arm/arm-gnu-toolchain/bin/../lib/gcc/arm-none-eabi/6.3.1/../../../../arm-none-eabi/lib/thumb/v7e-m\libc.a(lib_a-lock.o)
                0x20400b1c                __lock___atexit_recursive_mutex
                0x20400b20                __lock___arc4random_mutex
                0x20400b24                __lock___env_recursive_mutex
                0x20400b28                __lock___sinit_recursive_mutex
                0x20400b2c                __lock___malloc_recursive_mutex
                0x20400b30                __lock___at_quick_exit_mutex
                0x20400b34                __lock___dd_hash_mutex
                0x20400b38                __lock___tz_mutex
                0x20400b3c                __lock___sfp_recursive_mutex
 *fill*         0x20400b3d        0x3 
 COMMON         0x20400b40        0x4 e:/apps/atmel/studio/7.0/toolchain/arm/arm-gnu-toolchain/bin/../lib/gcc/arm-none-eabi/6.3.1/../../../../arm-none-eabi/lib/thumb/v7e-m\libc.a(lib_a-reent.o)
                0x20400b40                errno
                0x20400b44                . = ALIGN (0x4)
                0x20400b44                _ebss = .
                0x20400b44                _ezero = .

.stack          0x20400b44     0x2004 load address 0x00408618
                0x20400b48                . = ALIGN (0x8)
 *fill*         0x20400b44        0x4 
                0x20400b48                _sstack = .
                0x20402b48                . = (. + STACK_SIZE)
 *fill*         0x20400b48     0x2000 
                0x20402b48                . = ALIGN (0x8)
                0x20402b48                _estack = .

.heap           0x20402b48      0x200 load address 0x0040a61c
                0x20402b48                . = ALIGN (0x8)
                0x20402b48                _sheap = .
                0x20402d48                . = (. + HEAP_SIZE)
 *fill*         0x20402b48      0x200 
                0x20402d48                . = ALIGN (0x8)
                0x20402d48                _eheap = .
                0x20402d48                . = ALIGN (0x4)
                0x20402d48                _end = .
                0x2045ffff                _ram_end_ = ((ORIGIN (ram) + LENGTH (ram)) - 0x1)
OUTPUT(ADC.elf elf32-littlearm)

.ARM.attributes
                0x00000000       0x2e
 .ARM.attributes
                0x00000000       0x1e e:/apps/atmel/studio/7.0/toolchain/arm/arm-gnu-toolchain/bin/../lib/gcc/arm-none-eabi/6.3.1/thumb/v7e-m/crti.o
 .ARM.attributes
                0x0000001e       0x2e e:/apps/atmel/studio/7.0/toolchain/arm/arm-gnu-toolchain/bin/../lib/gcc/arm-none-eabi/6.3.1/thumb/v7e-m/crtbegin.o
 .ARM.attributes
                0x0000004c       0x37 src/main.o
 .ARM.attributes
                0x00000083       0x37 src/ASF/sam/drivers/tc/tc.o
 .ARM.attributes
                0x000000ba       0x37 src/ASF/common/services/clock/same70/sysclk.o
 .ARM.attributes
                0x000000f1       0x37 src/ASF/common/services/sleepmgr/sam/sleepmgr.o
 .ARM.attributes
                0x00000128       0x37 src/ASF/common/utils/interrupt/interrupt_sam_nvic.o
 .ARM.attributes
                0x0000015f       0x37 src/ASF/common/utils/stdio/read.o
 .ARM.attributes
                0x00000196       0x37 src/ASF/common/utils/stdio/write.o
 .ARM.attributes
                0x000001cd       0x37 src/ASF/sam/boards/same70_xplained/init.o
 .ARM.attributes
                0x00000204       0x37 src/ASF/sam/drivers/afec/afec.o
 .ARM.attributes
                0x0000023b       0x37 src/ASF/sam/drivers/pio/pio.o
 .ARM.attributes
                0x00000272       0x37 src/ASF/sam/drivers/pio/pio_handler.o
 .ARM.attributes
                0x000002a9       0x37 src/ASF/sam/drivers/pmc/pmc.o
 .ARM.attributes
                0x000002e0       0x37 src/ASF/sam/drivers/uart/uart.o
 .ARM.attributes
                0x00000317       0x37 src/ASF/sam/drivers/usart/usart.o
 .ARM.attributes
                0x0000034e       0x37 src/ASF/sam/utils/cmsis/same70/source/templates/gcc/startup_same70.o
 .ARM.attributes
                0x00000385       0x37 src/ASF/sam/utils/cmsis/same70/source/templates/system_same70.o
 .ARM.attributes
                0x000003bc       0x37 src/ASF/sam/utils/syscalls/gcc/syscalls.o
 .ARM.attributes
                0x000003f3       0x2e e:/apps/atmel/studio/7.0/toolchain/arm/arm-gnu-toolchain/bin/../lib/gcc/arm-none-eabi/6.3.1/../../../../arm-none-eabi/lib/thumb/v7e-m\libc.a(lib_a-impure.o)
 .ARM.attributes
                0x00000421       0x2e e:/apps/atmel/studio/7.0/toolchain/arm/arm-gnu-toolchain/bin/../lib/gcc/arm-none-eabi/6.3.1/../../../../arm-none-eabi/lib/thumb/v7e-m\libc.a(lib_a-init.o)
 .ARM.attributes
                0x0000044f       0x2e e:/apps/atmel/studio/7.0/toolchain/arm/arm-gnu-toolchain/bin/../lib/gcc/arm-none-eabi/6.3.1/../../../../arm-none-eabi/lib/thumb/v7e-m\libc.a(lib_a-iprintf.o)
 .ARM.attributes
                0x0000047d       0x2e e:/apps/atmel/studio/7.0/toolchain/arm/arm-gnu-toolchain/bin/../lib/gcc/arm-none-eabi/6.3.1/../../../../arm-none-eabi/lib/thumb/v7e-m\libc.a(lib_a-memset.o)
 .ARM.attributes
                0x000004ab       0x2e e:/apps/atmel/studio/7.0/toolchain/arm/arm-gnu-toolchain/bin/../lib/gcc/arm-none-eabi/6.3.1/../../../../arm-none-eabi/lib/thumb/v7e-m\libc.a(lib_a-puts.o)
 .ARM.attributes
                0x000004d9       0x2e e:/apps/atmel/studio/7.0/toolchain/arm/arm-gnu-toolchain/bin/../lib/gcc/arm-none-eabi/6.3.1/../../../../arm-none-eabi/lib/thumb/v7e-m\libc.a(lib_a-setbuf.o)
 .ARM.attributes
                0x00000507       0x2e e:/apps/atmel/studio/7.0/toolchain/arm/arm-gnu-toolchain/bin/../lib/gcc/arm-none-eabi/6.3.1/../../../../arm-none-eabi/lib/thumb/v7e-m\libc.a(lib_a-setvbuf.o)
 .ARM.attributes
                0x00000535       0x2e e:/apps/atmel/studio/7.0/toolchain/arm/arm-gnu-toolchain/bin/../lib/gcc/arm-none-eabi/6.3.1/../../../../arm-none-eabi/lib/thumb/v7e-m\libc.a(lib_a-sprintf.o)
 .ARM.attributes
                0x00000563       0x1c e:/apps/atmel/studio/7.0/toolchain/arm/arm-gnu-toolchain/bin/../lib/gcc/arm-none-eabi/6.3.1/../../../../arm-none-eabi/lib/thumb/v7e-m\libc.a(lib_a-strlen.o)
 .ARM.attributes
                0x0000057f       0x2e e:/apps/atmel/studio/7.0/toolchain/arm/arm-gnu-toolchain/bin/../lib/gcc/arm-none-eabi/6.3.1/../../../../arm-none-eabi/lib/thumb/v7e-m\libc.a(lib_a-svfprintf.o)
 .ARM.attributes
                0x000005ad       0x2e e:/apps/atmel/studio/7.0/toolchain/arm/arm-gnu-toolchain/bin/../lib/gcc/arm-none-eabi/6.3.1/../../../../arm-none-eabi/lib/thumb/v7e-m\libc.a(lib_a-vfiprintf.o)
 .ARM.attributes
                0x000005db       0x2e e:/apps/atmel/studio/7.0/toolchain/arm/arm-gnu-toolchain/bin/../lib/gcc/arm-none-eabi/6.3.1/../../../../arm-none-eabi/lib/thumb/v7e-m\libc.a(lib_a-wsetup.o)
 .ARM.attributes
                0x00000609       0x2e e:/apps/atmel/studio/7.0/toolchain/arm/arm-gnu-toolchain/bin/../lib/gcc/arm-none-eabi/6.3.1/../../../../arm-none-eabi/lib/thumb/v7e-m\libc.a(lib_a-__call_atexit.o)
 .ARM.attributes
                0x00000637       0x2e e:/apps/atmel/studio/7.0/toolchain/arm/arm-gnu-toolchain/bin/../lib/gcc/arm-none-eabi/6.3.1/../../../../arm-none-eabi/lib/thumb/v7e-m\libc.a(lib_a-atexit.o)
 .ARM.attributes
                0x00000665       0x2e e:/apps/atmel/studio/7.0/toolchain/arm/arm-gnu-toolchain/bin/../lib/gcc/arm-none-eabi/6.3.1/../../../../arm-none-eabi/lib/thumb/v7e-m\libc.a(lib_a-dtoa.o)
 .ARM.attributes
                0x00000693       0x2e e:/apps/atmel/studio/7.0/toolchain/arm/arm-gnu-toolchain/bin/../lib/gcc/arm-none-eabi/6.3.1/../../../../arm-none-eabi/lib/thumb/v7e-m\libc.a(lib_a-fflush.o)
 .ARM.attributes
                0x000006c1       0x2e e:/apps/atmel/studio/7.0/toolchain/arm/arm-gnu-toolchain/bin/../lib/gcc/arm-none-eabi/6.3.1/../../../../arm-none-eabi/lib/thumb/v7e-m\libc.a(lib_a-findfp.o)
 .ARM.attributes
                0x000006ef       0x2e e:/apps/atmel/studio/7.0/toolchain/arm/arm-gnu-toolchain/bin/../lib/gcc/arm-none-eabi/6.3.1/../../../../arm-none-eabi/lib/thumb/v7e-m\libc.a(lib_a-fini.o)
 .ARM.attributes
                0x0000071d       0x2e e:/apps/atmel/studio/7.0/toolchain/arm/arm-gnu-toolchain/bin/../lib/gcc/arm-none-eabi/6.3.1/../../../../arm-none-eabi/lib/thumb/v7e-m\libc.a(lib_a-fputwc.o)
 .ARM.attributes
                0x0000074b       0x2e e:/apps/atmel/studio/7.0/toolchain/arm/arm-gnu-toolchain/bin/../lib/gcc/arm-none-eabi/6.3.1/../../../../arm-none-eabi/lib/thumb/v7e-m\libc.a(lib_a-freer.o)
 .ARM.attributes
                0x00000779       0x2e e:/apps/atmel/studio/7.0/toolchain/arm/arm-gnu-toolchain/bin/../lib/gcc/arm-none-eabi/6.3.1/../../../../arm-none-eabi/lib/thumb/v7e-m\libc.a(lib_a-fvwrite.o)
 .ARM.attributes
                0x000007a7       0x2e e:/apps/atmel/studio/7.0/toolchain/arm/arm-gnu-toolchain/bin/../lib/gcc/arm-none-eabi/6.3.1/../../../../arm-none-eabi/lib/thumb/v7e-m\libc.a(lib_a-fwalk.o)
 .ARM.attributes
                0x000007d5       0x2e e:/apps/atmel/studio/7.0/toolchain/arm/arm-gnu-toolchain/bin/../lib/gcc/arm-none-eabi/6.3.1/../../../../arm-none-eabi/lib/thumb/v7e-m\libc.a(lib_a-locale.o)
 .ARM.attributes
                0x00000803       0x2e e:/apps/atmel/studio/7.0/toolchain/arm/arm-gnu-toolchain/bin/../lib/gcc/arm-none-eabi/6.3.1/../../../../arm-none-eabi/lib/thumb/v7e-m\libc.a(lib_a-localeconv.o)
 .ARM.attributes
                0x00000831       0x2e e:/apps/atmel/studio/7.0/toolchain/arm/arm-gnu-toolchain/bin/../lib/gcc/arm-none-eabi/6.3.1/../../../../arm-none-eabi/lib/thumb/v7e-m\libc.a(lib_a-lock.o)
 .ARM.attributes
                0x0000085f       0x2e e:/apps/atmel/studio/7.0/toolchain/arm/arm-gnu-toolchain/bin/../lib/gcc/arm-none-eabi/6.3.1/../../../../arm-none-eabi/lib/thumb/v7e-m\libc.a(lib_a-makebuf.o)
 .ARM.attributes
                0x0000088d       0x2e e:/apps/atmel/studio/7.0/toolchain/arm/arm-gnu-toolchain/bin/../lib/gcc/arm-none-eabi/6.3.1/../../../../arm-none-eabi/lib/thumb/v7e-m\libc.a(lib_a-malloc.o)
 .ARM.attributes
                0x000008bb       0x2e e:/apps/atmel/studio/7.0/toolchain/arm/arm-gnu-toolchain/bin/../lib/gcc/arm-none-eabi/6.3.1/../../../../arm-none-eabi/lib/thumb/v7e-m\libc.a(lib_a-mallocr.o)
 .ARM.attributes
                0x000008e9       0x2e e:/apps/atmel/studio/7.0/toolchain/arm/arm-gnu-toolchain/bin/../lib/gcc/arm-none-eabi/6.3.1/../../../../arm-none-eabi/lib/thumb/v7e-m\libc.a(lib_a-mbtowc_r.o)
 .ARM.attributes
                0x00000917       0x1c e:/apps/atmel/studio/7.0/toolchain/arm/arm-gnu-toolchain/bin/../lib/gcc/arm-none-eabi/6.3.1/../../../../arm-none-eabi/lib/thumb/v7e-m\libc.a(lib_a-memchr.o)
 .ARM.attributes
                0x00000933       0x1c e:/apps/atmel/studio/7.0/toolchain/arm/arm-gnu-toolchain/bin/../lib/gcc/arm-none-eabi/6.3.1/../../../../arm-none-eabi/lib/thumb/v7e-m\libc.a(lib_a-memcpy.o)
 .ARM.attributes
                0x0000094f       0x2e e:/apps/atmel/studio/7.0/toolchain/arm/arm-gnu-toolchain/bin/../lib/gcc/arm-none-eabi/6.3.1/../../../../arm-none-eabi/lib/thumb/v7e-m\libc.a(lib_a-memmove.o)
 .ARM.attributes
                0x0000097d       0x2e e:/apps/atmel/studio/7.0/toolchain/arm/arm-gnu-toolchain/bin/../lib/gcc/arm-none-eabi/6.3.1/../../../../arm-none-eabi/lib/thumb/v7e-m\libc.a(lib_a-mlock.o)
 .ARM.attributes
                0x000009ab       0x2e e:/apps/atmel/studio/7.0/toolchain/arm/arm-gnu-toolchain/bin/../lib/gcc/arm-none-eabi/6.3.1/../../../../arm-none-eabi/lib/thumb/v7e-m\libc.a(lib_a-mprec.o)
 .ARM.attributes
                0x000009d9       0x2e e:/apps/atmel/studio/7.0/toolchain/arm/arm-gnu-toolchain/bin/../lib/gcc/arm-none-eabi/6.3.1/../../../../arm-none-eabi/lib/thumb/v7e-m\libc.a(lib_a-reallocr.o)
 .ARM.attributes
                0x00000a07       0x2e e:/apps/atmel/studio/7.0/toolchain/arm/arm-gnu-toolchain/bin/../lib/gcc/arm-none-eabi/6.3.1/../../../../arm-none-eabi/lib/thumb/v7e-m\libc.a(lib_a-sbrkr.o)
 .ARM.attributes
                0x00000a35       0x2e e:/apps/atmel/studio/7.0/toolchain/arm/arm-gnu-toolchain/bin/../lib/gcc/arm-none-eabi/6.3.1/../../../../arm-none-eabi/lib/thumb/v7e-m\libc.a(lib_a-stdio.o)
 .ARM.attributes
                0x00000a63       0x2e e:/apps/atmel/studio/7.0/toolchain/arm/arm-gnu-toolchain/bin/../lib/gcc/arm-none-eabi/6.3.1/../../../../arm-none-eabi/lib/thumb/v7e-m\libc.a(lib_a-svfiprintf.o)
 .ARM.attributes
                0x00000a91       0x2e e:/apps/atmel/studio/7.0/toolchain/arm/arm-gnu-toolchain/bin/../lib/gcc/arm-none-eabi/6.3.1/../../../../arm-none-eabi/lib/thumb/v7e-m\libc.a(lib_a-wbuf.o)
 .ARM.attributes
                0x00000abf       0x2e e:/apps/atmel/studio/7.0/toolchain/arm/arm-gnu-toolchain/bin/../lib/gcc/arm-none-eabi/6.3.1/../../../../arm-none-eabi/lib/thumb/v7e-m\libc.a(lib_a-wcrtomb.o)
 .ARM.attributes
                0x00000aed       0x2e e:/apps/atmel/studio/7.0/toolchain/arm/arm-gnu-toolchain/bin/../lib/gcc/arm-none-eabi/6.3.1/../../../../arm-none-eabi/lib/thumb/v7e-m\libc.a(lib_a-wctomb_r.o)
 .ARM.attributes
                0x00000b1b       0x2e e:/apps/atmel/studio/7.0/toolchain/arm/arm-gnu-toolchain/bin/../lib/gcc/arm-none-eabi/6.3.1/../../../../arm-none-eabi/lib/thumb/v7e-m\libc.a(lib_a-writer.o)
 .ARM.attributes
                0x00000b49       0x2e e:/apps/atmel/studio/7.0/toolchain/arm/arm-gnu-toolchain/bin/../lib/gcc/arm-none-eabi/6.3.1/../../../../arm-none-eabi/lib/thumb/v7e-m\libc.a(lib_a-__atexit.o)
 .ARM.attributes
                0x00000b77       0x2e e:/apps/atmel/studio/7.0/toolchain/arm/arm-gnu-toolchain/bin/../lib/gcc/arm-none-eabi/6.3.1/../../../../arm-none-eabi/lib/thumb/v7e-m\libc.a(lib_a-callocr.o)
 .ARM.attributes
                0x00000ba5       0x2e e:/apps/atmel/studio/7.0/toolchain/arm/arm-gnu-toolchain/bin/../lib/gcc/arm-none-eabi/6.3.1/../../../../arm-none-eabi/lib/thumb/v7e-m\libc.a(lib_a-closer.o)
 .ARM.attributes
                0x00000bd3       0x2e e:/apps/atmel/studio/7.0/toolchain/arm/arm-gnu-toolchain/bin/../lib/gcc/arm-none-eabi/6.3.1/../../../../arm-none-eabi/lib/thumb/v7e-m\libc.a(lib_a-ctype_.o)
 .ARM.attributes
                0x00000c01       0x2e e:/apps/atmel/studio/7.0/toolchain/arm/arm-gnu-toolchain/bin/../lib/gcc/arm-none-eabi/6.3.1/../../../../arm-none-eabi/lib/thumb/v7e-m\libc.a(lib_a-fclose.o)
 .ARM.attributes
                0x00000c2f       0x2e e:/apps/atmel/studio/7.0/toolchain/arm/arm-gnu-toolchain/bin/../lib/gcc/arm-none-eabi/6.3.1/../../../../arm-none-eabi/lib/thumb/v7e-m\libc.a(lib_a-fstatr.o)
 .ARM.attributes
                0x00000c5d       0x2e e:/apps/atmel/studio/7.0/toolchain/arm/arm-gnu-toolchain/bin/../lib/gcc/arm-none-eabi/6.3.1/../../../../arm-none-eabi/lib/thumb/v7e-m\libc.a(lib_a-isattyr.o)
 .ARM.attributes
                0x00000c8b       0x2e e:/apps/atmel/studio/7.0/toolchain/arm/arm-gnu-toolchain/bin/../lib/gcc/arm-none-eabi/6.3.1/../../../../arm-none-eabi/lib/thumb/v7e-m\libc.a(lib_a-lseekr.o)
 .ARM.attributes
                0x00000cb9       0x2e e:/apps/atmel/studio/7.0/toolchain/arm/arm-gnu-toolchain/bin/../lib/gcc/arm-none-eabi/6.3.1/../../../../arm-none-eabi/lib/thumb/v7e-m\libc.a(lib_a-readr.o)
 .ARM.attributes
                0x00000ce7       0x2e e:/apps/atmel/studio/7.0/toolchain/arm/arm-gnu-toolchain/bin/../lib/gcc/arm-none-eabi/6.3.1/../../../../arm-none-eabi/lib/thumb/v7e-m\libc.a(lib_a-reent.o)
 .ARM.attributes
                0x00000d15       0x1e e:/apps/atmel/studio/7.0/toolchain/arm/arm-gnu-toolchain/bin/../lib/gcc/arm-none-eabi/6.3.1/thumb/v7e-m\libgcc.a(_arm_addsubdf3.o)
 .ARM.attributes
                0x00000d33       0x1e e:/apps/atmel/studio/7.0/toolchain/arm/arm-gnu-toolchain/bin/../lib/gcc/arm-none-eabi/6.3.1/thumb/v7e-m\libgcc.a(_arm_muldivdf3.o)
 .ARM.attributes
                0x00000d51       0x1e e:/apps/atmel/studio/7.0/toolchain/arm/arm-gnu-toolchain/bin/../lib/gcc/arm-none-eabi/6.3.1/thumb/v7e-m\libgcc.a(_arm_cmpdf2.o)
 .ARM.attributes
                0x00000d6f       0x1e e:/apps/atmel/studio/7.0/toolchain/arm/arm-gnu-toolchain/bin/../lib/gcc/arm-none-eabi/6.3.1/thumb/v7e-m\libgcc.a(_arm_unorddf2.o)
 .ARM.attributes
                0x00000d8d       0x1e e:/apps/atmel/studio/7.0/toolchain/arm/arm-gnu-toolchain/bin/../lib/gcc/arm-none-eabi/6.3.1/thumb/v7e-m\libgcc.a(_arm_fixdfsi.o)
 .ARM.attributes
                0x00000dab       0x1e e:/apps/atmel/studio/7.0/toolchain/arm/arm-gnu-toolchain/bin/../lib/gcc/arm-none-eabi/6.3.1/thumb/v7e-m\libgcc.a(_aeabi_uldivmod.o)
 .ARM.attributes
                0x00000dc9       0x2e e:/apps/atmel/studio/7.0/toolchain/arm/arm-gnu-toolchain/bin/../lib/gcc/arm-none-eabi/6.3.1/thumb/v7e-m\libgcc.a(_udivmoddi4.o)
 .ARM.attributes
                0x00000df7       0x1e e:/apps/atmel/studio/7.0/toolchain/arm/arm-gnu-toolchain/bin/../lib/gcc/arm-none-eabi/6.3.1/thumb/v7e-m\libgcc.a(_dvmd_tls.o)
 .ARM.attributes
                0x00000e15       0x1e e:/apps/atmel/studio/7.0/toolchain/arm/arm-gnu-toolchain/bin/../lib/gcc/arm-none-eabi/6.3.1/thumb/v7e-m/crtn.o

.comment        0x00000000       0x59
 .comment       0x00000000       0x59 src/main.o
                                 0x5a (size before relaxing)
 .comment       0x00000059       0x5a src/ASF/sam/drivers/tc/tc.o
 .comment       0x00000059       0x5a src/ASF/common/services/clock/same70/sysclk.o
 .comment       0x00000059       0x5a src/ASF/common/services/sleepmgr/sam/sleepmgr.o
 .comment       0x00000059       0x5a src/ASF/common/utils/interrupt/interrupt_sam_nvic.o
 .comment       0x00000059       0x5a src/ASF/common/utils/stdio/read.o
 .comment       0x00000059       0x5a src/ASF/common/utils/stdio/write.o
 .comment       0x00000059       0x5a src/ASF/sam/boards/same70_xplained/init.o
 .comment       0x00000059       0x5a src/ASF/sam/drivers/afec/afec.o
 .comment       0x00000059       0x5a src/ASF/sam/drivers/pio/pio.o
 .comment       0x00000059       0x5a src/ASF/sam/drivers/pio/pio_handler.o
 .comment       0x00000059       0x5a src/ASF/sam/drivers/pmc/pmc.o
 .comment       0x00000059       0x5a src/ASF/sam/drivers/uart/uart.o
 .comment       0x00000059       0x5a src/ASF/sam/drivers/usart/usart.o
 .comment       0x00000059       0x5a src/ASF/sam/utils/cmsis/same70/source/templates/gcc/startup_same70.o
 .comment       0x00000059       0x5a src/ASF/sam/utils/cmsis/same70/source/templates/system_same70.o
 .comment       0x00000059       0x5a src/ASF/sam/utils/syscalls/gcc/syscalls.o

.debug_info     0x00000000    0x1711a
 .debug_info    0x00000000     0x2695 src/main.o
 .debug_info    0x00002695     0x1233 src/ASF/sam/drivers/tc/tc.o
 .debug_info    0x000038c8     0x1267 src/ASF/common/services/clock/same70/sysclk.o
 .debug_info    0x00004b2f      0xa8e src/ASF/common/services/sleepmgr/sam/sleepmgr.o
 .debug_info    0x000055bd      0xb01 src/ASF/common/utils/interrupt/interrupt_sam_nvic.o
 .debug_info    0x000060be      0xac9 src/ASF/common/utils/stdio/read.o
 .debug_info    0x00006b87      0xac6 src/ASF/common/utils/stdio/write.o
 .debug_info    0x0000764d     0x201f src/ASF/sam/boards/same70_xplained/init.o
 .debug_info    0x0000966c     0x245a src/ASF/sam/drivers/afec/afec.o
 .debug_info    0x0000bac6     0x2150 src/ASF/sam/drivers/pio/pio.o
 .debug_info    0x0000dc16     0x1b22 src/ASF/sam/drivers/pio/pio_handler.o
 .debug_info    0x0000f738     0x1e0e src/ASF/sam/drivers/pmc/pmc.o
 .debug_info    0x00011546     0x103b src/ASF/sam/drivers/uart/uart.o
 .debug_info    0x00012581     0x2324 src/ASF/sam/drivers/usart/usart.o
 .debug_info    0x000148a5     0x156a src/ASF/sam/utils/cmsis/same70/source/templates/gcc/startup_same70.o
 .debug_info    0x00015e0f      0x55b src/ASF/sam/utils/cmsis/same70/source/templates/system_same70.o
 .debug_info    0x0001636a      0xdb0 src/ASF/sam/utils/syscalls/gcc/syscalls.o

.debug_abbrev   0x00000000     0x314d
 .debug_abbrev  0x00000000      0x494 src/main.o
 .debug_abbrev  0x00000494      0x293 src/ASF/sam/drivers/tc/tc.o
 .debug_abbrev  0x00000727      0x31f src/ASF/common/services/clock/same70/sysclk.o
 .debug_abbrev  0x00000a46      0x1b2 src/ASF/common/services/sleepmgr/sam/sleepmgr.o
 .debug_abbrev  0x00000bf8      0x212 src/ASF/common/utils/interrupt/interrupt_sam_nvic.o
 .debug_abbrev  0x00000e0a      0x1fe src/ASF/common/utils/stdio/read.o
 .debug_abbrev  0x00001008      0x1e9 src/ASF/common/utils/stdio/write.o
 .debug_abbrev  0x000011f1      0x368 src/ASF/sam/boards/same70_xplained/init.o
 .debug_abbrev  0x00001559      0x4d7 src/ASF/sam/drivers/afec/afec.o
 .debug_abbrev  0x00001a30      0x410 src/ASF/sam/drivers/pio/pio.o
 .debug_abbrev  0x00001e40      0x32f src/ASF/sam/drivers/pio/pio_handler.o
 .debug_abbrev  0x0000216f      0x369 src/ASF/sam/drivers/pmc/pmc.o
 .debug_abbrev  0x000024d8      0x26e src/ASF/sam/drivers/uart/uart.o
 .debug_abbrev  0x00002746      0x3bd src/ASF/sam/drivers/usart/usart.o
 .debug_abbrev  0x00002b03      0x2e4 src/ASF/sam/utils/cmsis/same70/source/templates/gcc/startup_same70.o
 .debug_abbrev  0x00002de7      0x102 src/ASF/sam/utils/cmsis/same70/source/templates/system_same70.o
 .debug_abbrev  0x00002ee9      0x264 src/ASF/sam/utils/syscalls/gcc/syscalls.o

.debug_loc      0x00000000     0x50d4
 .debug_loc     0x00000000      0x688 src/main.o
 .debug_loc     0x00000688      0x5a4 src/ASF/sam/drivers/tc/tc.o
 .debug_loc     0x00000c2c      0x183 src/ASF/common/services/clock/same70/sysclk.o
 .debug_loc     0x00000daf       0xb3 src/ASF/common/utils/stdio/read.o
 .debug_loc     0x00000e62      0x12b src/ASF/common/utils/stdio/write.o
 .debug_loc     0x00000f8d      0x261 src/ASF/sam/boards/same70_xplained/init.o
 .debug_loc     0x000011ee      0xa8b src/ASF/sam/drivers/afec/afec.o
 .debug_loc     0x00001c79      0xea4 src/ASF/sam/drivers/pio/pio.o
 .debug_loc     0x00002b1d      0x588 src/ASF/sam/drivers/pio/pio_handler.o
 .debug_loc     0x000030a5      0xce3 src/ASF/sam/drivers/pmc/pmc.o
 .debug_loc     0x00003d88      0x2a3 src/ASF/sam/drivers/uart/uart.o
 .debug_loc     0x0000402b      0xf35 src/ASF/sam/drivers/usart/usart.o
 .debug_loc     0x00004f60       0x77 src/ASF/sam/utils/cmsis/same70/source/templates/gcc/startup_same70.o
 .debug_loc     0x00004fd7       0xfd src/ASF/sam/utils/syscalls/gcc/syscalls.o

.debug_aranges  0x00000000      0xb40
 .debug_aranges
                0x00000000       0x48 src/main.o
 .debug_aranges
                0x00000048       0xd0 src/ASF/sam/drivers/tc/tc.o
 .debug_aranges
                0x00000118       0x40 src/ASF/common/services/clock/same70/sysclk.o
 .debug_aranges
                0x00000158       0x18 src/ASF/common/services/sleepmgr/sam/sleepmgr.o
 .debug_aranges
                0x00000170       0x28 src/ASF/common/utils/interrupt/interrupt_sam_nvic.o
 .debug_aranges
                0x00000198       0x20 src/ASF/common/utils/stdio/read.o
 .debug_aranges
                0x000001b8       0x20 src/ASF/common/utils/stdio/write.o
 .debug_aranges
                0x000001d8       0x20 src/ASF/sam/boards/same70_xplained/init.o
 .debug_aranges
                0x000001f8       0xb8 src/ASF/sam/drivers/afec/afec.o
 .debug_aranges
                0x000002b0      0x1a8 src/ASF/sam/drivers/pio/pio.o
 .debug_aranges
                0x00000458       0x60 src/ASF/sam/drivers/pio/pio_handler.o
 .debug_aranges
                0x000004b8      0x250 src/ASF/sam/drivers/pmc/pmc.o
 .debug_aranges
                0x00000708       0xd8 src/ASF/sam/drivers/uart/uart.o
 .debug_aranges
                0x000007e0      0x2a8 src/ASF/sam/drivers/usart/usart.o
 .debug_aranges
                0x00000a88       0x28 src/ASF/sam/utils/cmsis/same70/source/templates/gcc/startup_same70.o
 .debug_aranges
                0x00000ab0       0x30 src/ASF/sam/utils/cmsis/same70/source/templates/system_same70.o
 .debug_aranges
                0x00000ae0       0x60 src/ASF/sam/utils/syscalls/gcc/syscalls.o

.debug_ranges   0x00000000      0xb78
 .debug_ranges  0x00000000       0x50 src/main.o
 .debug_ranges  0x00000050       0xc0 src/ASF/sam/drivers/tc/tc.o
 .debug_ranges  0x00000110       0x30 src/ASF/common/services/clock/same70/sysclk.o
 .debug_ranges  0x00000140       0x18 src/ASF/common/utils/interrupt/interrupt_sam_nvic.o
 .debug_ranges  0x00000158       0x10 src/ASF/common/utils/stdio/read.o
 .debug_ranges  0x00000168       0x10 src/ASF/common/utils/stdio/write.o
 .debug_ranges  0x00000178       0x10 src/ASF/sam/boards/same70_xplained/init.o
 .debug_ranges  0x00000188       0xc0 src/ASF/sam/drivers/afec/afec.o
 .debug_ranges  0x00000248      0x2a0 src/ASF/sam/drivers/pio/pio.o
 .debug_ranges  0x000004e8       0x68 src/ASF/sam/drivers/pio/pio_handler.o
 .debug_ranges  0x00000550      0x240 src/ASF/sam/drivers/pmc/pmc.o
 .debug_ranges  0x00000790       0xc8 src/ASF/sam/drivers/uart/uart.o
 .debug_ranges  0x00000858      0x298 src/ASF/sam/drivers/usart/usart.o
 .debug_ranges  0x00000af0       0x18 src/ASF/sam/utils/cmsis/same70/source/templates/gcc/startup_same70.o
 .debug_ranges  0x00000b08       0x20 src/ASF/sam/utils/cmsis/same70/source/templates/system_same70.o
 .debug_ranges  0x00000b28       0x50 src/ASF/sam/utils/syscalls/gcc/syscalls.o

.debug_macro    0x00000000    0x1f8c6
 .debug_macro   0x00000000      0x837 src/main.o
 .debug_macro   0x00000837      0x8ce src/main.o
 .debug_macro   0x00001105       0x22 src/main.o
 .debug_macro   0x00001127       0x52 src/main.o
 .debug_macro   0x00001179       0x8d src/main.o
 .debug_macro   0x00001206       0x35 src/main.o
 .debug_macro   0x0000123b       0x9c src/main.o
 .debug_macro   0x000012d7       0x16 src/main.o
 .debug_macro   0x000012ed       0x57 src/main.o
 .debug_macro   0x00001344       0x97 src/main.o
 .debug_macro   0x000013db      0x353 src/main.o
 .debug_macro   0x0000172e       0xf6 src/main.o
 .debug_macro   0x00001824       0x10 src/main.o
 .debug_macro   0x00001834       0x58 src/main.o
 .debug_macro   0x0000188c       0x1f src/main.o
 .debug_macro   0x000018ab       0x43 src/main.o
 .debug_macro   0x000018ee       0x20 src/main.o
 .debug_macro   0x0000190e      0x187 src/main.o
 .debug_macro   0x00001a95       0x10 src/main.o
 .debug_macro   0x00001aa5       0x6a src/main.o
 .debug_macro   0x00001b0f       0x1c src/main.o
 .debug_macro   0x00001b2b       0x52 src/main.o
 .debug_macro   0x00001b7d       0x40 src/main.o
 .debug_macro   0x00001bbd       0x10 src/main.o
 .debug_macro   0x00001bcd       0x40 src/main.o
 .debug_macro   0x00001c0d       0xd7 src/main.o
 .debug_macro   0x00001ce4       0x16 src/main.o
 .debug_macro   0x00001cfa      0x18b src/main.o
 .debug_macro   0x00001e85       0x16 src/main.o
 .debug_macro   0x00001e9b       0x35 src/main.o
 .debug_macro   0x00001ed0       0x16 src/main.o
 .debug_macro   0x00001ee6      0x64b src/main.o
 .debug_macro   0x00002531       0x76 src/main.o
 .debug_macro   0x000025a7       0x16 src/main.o
 .debug_macro   0x000025bd      0x6e4 src/main.o
 .debug_macro   0x00002ca1       0xef src/main.o
 .debug_macro   0x00002d90      0x1df src/main.o
 .debug_macro   0x00002f6f       0x4a src/main.o
 .debug_macro   0x00002fb9       0x3b src/main.o
 .debug_macro   0x00002ff4       0x2d src/main.o
 .debug_macro   0x00003021       0x26 src/main.o
 .debug_macro   0x00003047      0xf9a src/main.o
 .debug_macro   0x00003fe1      0x175 src/main.o
 .debug_macro   0x00004156      0x257 src/main.o
 .debug_macro   0x000043ad      0xa0f src/main.o
 .debug_macro   0x00004dbc      0x1b9 src/main.o
 .debug_macro   0x00004f75      0x336 src/main.o
 .debug_macro   0x000052ab      0x15b src/main.o
 .debug_macro   0x00005406     0x1851 src/main.o
 .debug_macro   0x00006c57       0x1c src/main.o
 .debug_macro   0x00006c73      0x68d src/main.o
 .debug_macro   0x00007300      0x31e src/main.o
 .debug_macro   0x0000761e      0x4d4 src/main.o
 .debug_macro   0x00007af2      0x56e src/main.o
 .debug_macro   0x00008060     0x1332 src/main.o
 .debug_macro   0x00009392     0x278d src/main.o
 .debug_macro   0x0000bb1f     0x102b src/main.o
 .debug_macro   0x0000cb4a      0xe01 src/main.o
 .debug_macro   0x0000d94b      0x3b1 src/main.o
 .debug_macro   0x0000dcfc       0xa0 src/main.o
 .debug_macro   0x0000dd9c       0x76 src/main.o
 .debug_macro   0x0000de12      0x409 src/main.o
 .debug_macro   0x0000e21b       0x64 src/main.o
 .debug_macro   0x0000e27f      0x284 src/main.o
 .debug_macro   0x0000e503      0x1d0 src/main.o
 .debug_macro   0x0000e6d3      0x248 src/main.o
 .debug_macro   0x0000e91b      0x524 src/main.o
 .debug_macro   0x0000ee3f      0x63b src/main.o
 .debug_macro   0x0000f47a      0x6b8 src/main.o
 .debug_macro   0x0000fb32       0x4c src/main.o
 .debug_macro   0x0000fb7e      0x468 src/main.o
 .debug_macro   0x0000ffe6      0x207 src/main.o
 .debug_macro   0x000101ed      0x866 src/main.o
 .debug_macro   0x00010a53     0x1547 src/main.o
 .debug_macro   0x00011f9a       0x40 src/main.o
 .debug_macro   0x00011fda       0x76 src/main.o
 .debug_macro   0x00012050      0xdaf src/main.o
 .debug_macro   0x00012dff       0x82 src/main.o
 .debug_macro   0x00012e81       0x76 src/main.o
 .debug_macro   0x00012ef7       0x4c src/main.o
 .debug_macro   0x00012f43      0x135 src/main.o
 .debug_macro   0x00013078      0x135 src/main.o
 .debug_macro   0x000131ad      0x135 src/main.o
 .debug_macro   0x000132e2       0x6a src/main.o
 .debug_macro   0x0001334c       0x6a src/main.o
 .debug_macro   0x000133b6      0x313 src/main.o
 .debug_macro   0x000136c9       0xb2 src/main.o
 .debug_macro   0x0001377b       0xb2 src/main.o
 .debug_macro   0x0001382d       0xb2 src/main.o
 .debug_macro   0x000138df      0x11d src/main.o
 .debug_macro   0x000139fc      0x11d src/main.o
 .debug_macro   0x00013b19      0x2cd src/main.o
 .debug_macro   0x00013de6       0xb8 src/main.o
 .debug_macro   0x00013e9e       0x5e src/main.o
 .debug_macro   0x00013efc       0x40 src/main.o
 .debug_macro   0x00013f3c       0x4c src/main.o
 .debug_macro   0x00013f88       0xa0 src/main.o
 .debug_macro   0x00014028      0x494 src/main.o
 .debug_macro   0x000144bc      0x135 src/main.o
 .debug_macro   0x000145f1       0x4c src/main.o
 .debug_macro   0x0001463d      0x313 src/main.o
 .debug_macro   0x00014950       0x6a src/main.o
 .debug_macro   0x000149ba       0xb8 src/main.o
 .debug_macro   0x00014a72       0x6a src/main.o
 .debug_macro   0x00014adc       0x2e src/main.o
 .debug_macro   0x00014b0a      0x9b1 src/main.o
 .debug_macro   0x000154bb       0x6a src/main.o
 .debug_macro   0x00015525       0x88 src/main.o
 .debug_macro   0x000155ad       0x58 src/main.o
 .debug_macro   0x00015605       0xe2 src/main.o
 .debug_macro   0x000156e7       0x16 src/main.o
 .debug_macro   0x000156fd       0xe2 src/main.o
 .debug_macro   0x000157df       0x4c src/main.o
 .debug_macro   0x0001582b       0x16 src/main.o
 .debug_macro   0x00015841       0x4c src/main.o
 .debug_macro   0x0001588d       0x2e src/main.o
 .debug_macro   0x000158bb      0x1b5 src/main.o
 .debug_macro   0x00015a70      0x1b5 src/main.o
 .debug_macro   0x00015c25      0x1b5 src/main.o
 .debug_macro   0x00015dda      0x1b5 src/main.o
 .debug_macro   0x00015f8f      0x1b5 src/main.o
 .debug_macro   0x00016144       0x1c src/main.o
 .debug_macro   0x00016160       0x2e src/main.o
 .debug_macro   0x0001618e       0x22 src/main.o
 .debug_macro   0x000161b0       0x1c src/main.o
 .debug_macro   0x000161cc       0x52 src/main.o
 .debug_macro   0x0001621e       0x10 src/main.o
 .debug_macro   0x0001622e       0x1c src/main.o
 .debug_macro   0x0001624a       0x4c src/main.o
 .debug_macro   0x00016296       0x4c src/main.o
 .debug_macro   0x000162e2       0x4c src/main.o
 .debug_macro   0x0001632e      0x31b src/main.o
 .debug_macro   0x00016649     0x1022 src/main.o
 .debug_macro   0x0001766b      0x107 src/main.o
 .debug_macro   0x00017772       0x22 src/main.o
 .debug_macro   0x00017794       0x16 src/main.o
 .debug_macro   0x000177aa       0x16 src/main.o
 .debug_macro   0x000177c0       0x29 src/main.o
 .debug_macro   0x000177e9       0x75 src/main.o
 .debug_macro   0x0001785e       0x3f src/main.o
 .debug_macro   0x0001789d      0x3ca src/main.o
 .debug_macro   0x00017c67       0x12 src/main.o
 .debug_macro   0x00017c79       0x3a src/main.o
 .debug_macro   0x00017cb3      0x2c6 src/main.o
 .debug_macro   0x00017f79      0xa96 src/main.o
 .debug_macro   0x00018a0f       0x70 src/main.o
 .debug_macro   0x00018a7f       0x64 src/main.o
 .debug_macro   0x00018ae3       0x5f src/main.o
 .debug_macro   0x00018b42       0xac src/main.o
 .debug_macro   0x00018bee       0x28 src/main.o
 .debug_macro   0x00018c16       0x23 src/main.o
 .debug_macro   0x00018c39       0x94 src/main.o
 .debug_macro   0x00018ccd       0x40 src/main.o
 .debug_macro   0x00018d0d       0x88 src/main.o
 .debug_macro   0x00018d95      0x1ce src/main.o
 .debug_macro   0x00018f63       0x34 src/main.o
 .debug_macro   0x00018f97       0x16 src/main.o
 .debug_macro   0x00018fad       0x1c src/main.o
 .debug_macro   0x00018fc9       0x10 src/main.o
 .debug_macro   0x00018fd9       0x1c src/main.o
 .debug_macro   0x00018ff5       0x3a src/main.o
 .debug_macro   0x0001902f       0x28 src/main.o
 .debug_macro   0x00019057      0x66d src/ASF/sam/drivers/tc/tc.o
 .debug_macro   0x000196c4       0x1c src/ASF/sam/drivers/tc/tc.o
 .debug_macro   0x000196e0      0x6d1 src/ASF/common/services/clock/same70/sysclk.o
 .debug_macro   0x00019db1      0x2c0 src/ASF/common/services/clock/same70/sysclk.o
 .debug_macro   0x0001a071      0x67f src/ASF/common/services/sleepmgr/sam/sleepmgr.o
 .debug_macro   0x0001a6f0      0x655 src/ASF/common/utils/interrupt/interrupt_sam_nvic.o
 .debug_macro   0x0001ad45      0x655 src/ASF/common/utils/stdio/read.o
 .debug_macro   0x0001b39a      0x655 src/ASF/common/utils/stdio/write.o
 .debug_macro   0x0001b9ef      0x70b src/ASF/sam/boards/same70_xplained/init.o
 .debug_macro   0x0001c0fa       0x16 src/ASF/sam/boards/same70_xplained/init.o
 .debug_macro   0x0001c110       0x82 src/ASF/sam/boards/same70_xplained/init.o
 .debug_macro   0x0001c192      0x72e src/ASF/sam/drivers/afec/afec.o
 .debug_macro   0x0001c8c0      0x66b src/ASF/sam/drivers/pio/pio.o
 .debug_macro   0x0001cf2b       0x8e src/ASF/sam/drivers/pio/pio.o
 .debug_macro   0x0001cfb9      0x676 src/ASF/sam/drivers/pio/pio_handler.o
 .debug_macro   0x0001d62f      0x66b src/ASF/sam/drivers/pmc/pmc.o
 .debug_macro   0x0001dc9a       0x6a src/ASF/sam/drivers/pmc/pmc.o
 .debug_macro   0x0001dd04      0x665 src/ASF/sam/drivers/uart/uart.o
 .debug_macro   0x0001e369       0x16 src/ASF/sam/drivers/uart/uart.o
 .debug_macro   0x0001e37f      0x69b src/ASF/sam/drivers/usart/usart.o
 .debug_macro   0x0001ea1a       0x34 src/ASF/sam/drivers/usart/usart.o
 .debug_macro   0x0001ea4e      0x664 src/ASF/sam/utils/cmsis/same70/source/templates/gcc/startup_same70.o
 .debug_macro   0x0001f0b2       0x10 src/ASF/sam/utils/cmsis/same70/source/templates/gcc/startup_same70.o
 .debug_macro   0x0001f0c2      0x455 src/ASF/sam/utils/cmsis/same70/source/templates/system_same70.o
 .debug_macro   0x0001f517      0x1d6 src/ASF/sam/utils/syscalls/gcc/syscalls.o
 .debug_macro   0x0001f6ed       0x4c src/ASF/sam/utils/syscalls/gcc/syscalls.o
 .debug_macro   0x0001f739       0x16 src/ASF/sam/utils/syscalls/gcc/syscalls.o
 .debug_macro   0x0001f74f       0x10 src/ASF/sam/utils/syscalls/gcc/syscalls.o
 .debug_macro   0x0001f75f       0x10 src/ASF/sam/utils/syscalls/gcc/syscalls.o
 .debug_macro   0x0001f76f       0x35 src/ASF/sam/utils/syscalls/gcc/syscalls.o
 .debug_macro   0x0001f7a4      0x122 src/ASF/sam/utils/syscalls/gcc/syscalls.o

.debug_line     0x00000000     0xc2c4
 .debug_line    0x00000000     0x1033 src/main.o
 .debug_line    0x00001033      0xb49 src/ASF/sam/drivers/tc/tc.o
 .debug_line    0x00001b7c      0xb13 src/ASF/common/services/clock/same70/sysclk.o
 .debug_line    0x0000268f      0xa13 src/ASF/common/services/sleepmgr/sam/sleepmgr.o
 .debug_line    0x000030a2      0x9c5 src/ASF/common/utils/interrupt/interrupt_sam_nvic.o
 .debug_line    0x00003a67      0x9ab src/ASF/common/utils/stdio/read.o
 .debug_line    0x00004412      0x9a3 src/ASF/common/utils/stdio/write.o
 .debug_line    0x00004db5      0xbf4 src/ASF/sam/boards/same70_xplained/init.o
 .debug_line    0x000059a9      0xe98 src/ASF/sam/drivers/afec/afec.o
 .debug_line    0x00006841      0xea7 src/ASF/sam/drivers/pio/pio.o
 .debug_line    0x000076e8      0xa83 src/ASF/sam/drivers/pio/pio_handler.o
 .debug_line    0x0000816b     0x102f src/ASF/sam/drivers/pmc/pmc.o
 .debug_line    0x0000919a      0xb3d src/ASF/sam/drivers/uart/uart.o
 .debug_line    0x00009cd7     0x103a src/ASF/sam/drivers/usart/usart.o
 .debug_line    0x0000ad11      0xa37 src/ASF/sam/utils/cmsis/same70/source/templates/gcc/startup_same70.o
 .debug_line    0x0000b748      0x7ad src/ASF/sam/utils/cmsis/same70/source/templates/system_same70.o
 .debug_line    0x0000bef5      0x3cf src/ASF/sam/utils/syscalls/gcc/syscalls.o

.debug_str      0x00000000    0x8c5dc
 .debug_str     0x00000000    0x887a7 src/main.o
                              0x88f69 (size before relaxing)
 .debug_str     0x000887a7      0x214 src/ASF/sam/drivers/tc/tc.o
                              0x8213c (size before relaxing)
 .debug_str     0x000889bb      0x3f2 src/ASF/common/services/clock/same70/sysclk.o
                              0x86477 (size before relaxing)
 .debug_str     0x00088dad       0xbd src/ASF/common/services/sleepmgr/sam/sleepmgr.o
                              0x81f65 (size before relaxing)
 .debug_str     0x00088e6a       0x94 src/ASF/common/utils/interrupt/interrupt_sam_nvic.o
                              0x81e29 (size before relaxing)
 .debug_str     0x00088efe       0x2c src/ASF/common/utils/stdio/read.o
                              0x81dd2 (size before relaxing)
 .debug_str     0x00088f2a       0x26 src/ASF/common/utils/stdio/write.o
                              0x81dd3 (size before relaxing)
 .debug_str     0x00088f50      0x99e src/ASF/sam/boards/same70_xplained/init.o
                              0x87075 (size before relaxing)
 .debug_str     0x000898ee      0x627 src/ASF/sam/drivers/afec/afec.o
                              0x8748f (size before relaxing)
 .debug_str     0x00089f15      0x58c src/ASF/sam/drivers/pio/pio.o
                              0x8297f (size before relaxing)
 .debug_str     0x0008a4a1      0x111 src/ASF/sam/drivers/pio/pio_handler.o
                              0x82aa1 (size before relaxing)
 .debug_str     0x0008a5b2      0x68a src/ASF/sam/drivers/pmc/pmc.o
                              0x82ae3 (size before relaxing)
 .debug_str     0x0008ac3c      0x1f1 src/ASF/sam/drivers/uart/uart.o
                              0x820d9 (size before relaxing)
 .debug_str     0x0008ae2d      0x90a src/ASF/sam/drivers/usart/usart.o
                              0x82971 (size before relaxing)
 .debug_str     0x0008b737      0x606 src/ASF/sam/utils/cmsis/same70/source/templates/gcc/startup_same70.o
                              0x825f6 (size before relaxing)
 .debug_str     0x0008bd3d      0x137 src/ASF/sam/utils/cmsis/same70/source/templates/system_same70.o
                              0x7283d (size before relaxing)
 .debug_str     0x0008be74      0x768 src/ASF/sam/utils/syscalls/gcc/syscalls.o
                               0x746e (size before relaxing)

.debug_frame    0x00000000     0x2b70
 .debug_frame   0x00000000       0xc4 src/main.o
 .debug_frame   0x000000c4      0x1a8 src/ASF/sam/drivers/tc/tc.o
 .debug_frame   0x0000026c       0x88 src/ASF/common/services/clock/same70/sysclk.o
 .debug_frame   0x000002f4       0x30 src/ASF/common/utils/interrupt/interrupt_sam_nvic.o
 .debug_frame   0x00000324       0x30 src/ASF/common/utils/stdio/read.o
 .debug_frame   0x00000354       0x48 src/ASF/common/utils/stdio/write.o
 .debug_frame   0x0000039c       0x30 src/ASF/sam/boards/same70_xplained/init.o
 .debug_frame   0x000003cc      0x1f0 src/ASF/sam/drivers/afec/afec.o
 .debug_frame   0x000005bc      0x390 src/ASF/sam/drivers/pio/pio.o
 .debug_frame   0x0000094c      0x110 src/ASF/sam/drivers/pio/pio_handler.o
 .debug_frame   0x00000a5c      0x494 src/ASF/sam/drivers/pmc/pmc.o
 .debug_frame   0x00000ef0      0x19c src/ASF/sam/drivers/uart/uart.o
 .debug_frame   0x0000108c      0x5c0 src/ASF/sam/drivers/usart/usart.o
 .debug_frame   0x0000164c       0x38 src/ASF/sam/utils/cmsis/same70/source/templates/gcc/startup_same70.o
 .debug_frame   0x00001684       0x40 src/ASF/sam/utils/cmsis/same70/source/templates/system_same70.o
 .debug_frame   0x000016c4       0xa0 src/ASF/sam/utils/syscalls/gcc/syscalls.o
 .debug_frame   0x00001764       0x2c e:/apps/atmel/studio/7.0/toolchain/arm/arm-gnu-toolchain/bin/../lib/gcc/arm-none-eabi/6.3.1/../../../../arm-none-eabi/lib/thumb/v7e-m\libc.a(lib_a-init.o)
 .debug_frame   0x00001790       0x74 e:/apps/atmel/studio/7.0/toolchain/arm/arm-gnu-toolchain/bin/../lib/gcc/arm-none-eabi/6.3.1/../../../../arm-none-eabi/lib/thumb/v7e-m\libc.a(lib_a-iprintf.o)
 .debug_frame   0x00001804       0x34 e:/apps/atmel/studio/7.0/toolchain/arm/arm-gnu-toolchain/bin/../lib/gcc/arm-none-eabi/6.3.1/../../../../arm-none-eabi/lib/thumb/v7e-m\libc.a(lib_a-memset.o)
 .debug_frame   0x00001838       0x4c e:/apps/atmel/studio/7.0/toolchain/arm/arm-gnu-toolchain/bin/../lib/gcc/arm-none-eabi/6.3.1/../../../../arm-none-eabi/lib/thumb/v7e-m\libc.a(lib_a-puts.o)
 .debug_frame   0x00001884       0x20 e:/apps/atmel/studio/7.0/toolchain/arm/arm-gnu-toolchain/bin/../lib/gcc/arm-none-eabi/6.3.1/../../../../arm-none-eabi/lib/thumb/v7e-m\libc.a(lib_a-setbuf.o)
 .debug_frame   0x000018a4       0x48 e:/apps/atmel/studio/7.0/toolchain/arm/arm-gnu-toolchain/bin/../lib/gcc/arm-none-eabi/6.3.1/../../../../arm-none-eabi/lib/thumb/v7e-m\libc.a(lib_a-setvbuf.o)
 .debug_frame   0x000018ec       0x84 e:/apps/atmel/studio/7.0/toolchain/arm/arm-gnu-toolchain/bin/../lib/gcc/arm-none-eabi/6.3.1/../../../../arm-none-eabi/lib/thumb/v7e-m\libc.a(lib_a-sprintf.o)